== ISS-029 无安装实验 RUN_ID=20260913T045303Z work=/var/folders/7s/_tq1mtjx4kn8t408rf8x86nm0000gn/T//fathom-iss029.ffsm1c ==
[pass] env-gate-arm64 :: uname -m = arm64
[pass] env-gate-python3 :: Python 3.14.6 @ /opt/homebrew/bin/python3（base_prefix=/opt/homebrew/opt/python@3.14/Frameworks/Python.framework/Versions/3.14）
[pass] env-installer-absence :: PyInstaller=not-installed、Nuitka=not-installed：本实验零安装；冻结冒烟由 build_helper_smoke.sh fail-closed 处理
[pass] env-synthetic-root :: 全部数据根位于合成临时根 /var/folders/7s/_tq1mtjx4kn8t408rf8x86nm0000gn/T//fathom-iss029.ffsm1c；资源目录：/var/folders/7s/_tq1mtjx4kn8t408rf8x86nm0000gn/T//fathom-iss029.ffsm1c/app/Fathom 实验 & Helper 目录
usage: helper_contract serve [-h] [--port PORT] [--port-range PORT_RANGE]
                             --data-dir DATA_DIR [--crash-after CRASH_AFTER]
helper_contract serve: error: the following arguments are required: --data-dir
[pass] C0-usage-exit-2 :: 缺 --data-dir → argparse 退出码 2
[pass] C1-version-identity :: 含空格/中文/& 目录下 --version 身份 JSON 正确（machine=arm64）
[helper] listening 127.0.0.1:17963 instance=b8777769c655 data=/var/folders/7s/_tq1mtjx4kn8t408rf8x86nm0000gn/T/fathom-iss029.ffsm1c/data-A
[helper] "GET /health HTTP/1.1" 200 -
[helper] "GET /health HTTP/1.1" 200 -
[pass] C2-health-identity :: /health 200 且身份/协议/端口/pid 字段正确
[pass] C2-discovery-file :: discovery 原子写入：port=17963 pid=74030
[helper] "GET /health HTTP/1.1" 403 -
[helper] "GET /health HTTP/1.1" 200 -
[pass] C2-host-guard :: 非 loopback Host=403；localhost 别名=200
[pass] C2-loopback-only :: 仅监听 127.0.0.1:17963（Python  74030 maoking    3u  IPv4 0x4d867d495cb8d819      0t0  TCP 127.0.0.1:17963 (LISTEN)）
[helper] "GET /nope HTTP/1.1" 404 -
[pass] C2-404-unknown-path :: 未知路径 404
[helper] "POST /shutdown HTTP/1.1" 403 -
[helper] "POST /shutdown HTTP/1.1" 200 -
[pass] C3-shutdown-token :: 错令牌 403；正确令牌优雅退出 0 且 discovery 已清理
[helper] listening 127.0.0.1:17963 instance=e27481132765 data=/var/folders/7s/_tq1mtjx4kn8t408rf8x86nm0000gn/T/fathom-iss029.ffsm1c/data-A
[helper] "GET /health HTTP/1.1" 200 -
[pass] C4-sigterm :: SIGTERM 优雅退出 0，discovery 清理
[helper] listening 127.0.0.1:17963 instance=cea614a4d043 data=/var/folders/7s/_tq1mtjx4kn8t408rf8x86nm0000gn/T/fathom-iss029.ffsm1c/data-A
[helper] "GET /health HTTP/1.1" 200 -
[pass] C4-sigint :: SIGINT 优雅退出 0，discovery 清理
[helper] listening 127.0.0.1:17964 instance=045e61fa84b6 data=/var/folders/7s/_tq1mtjx4kn8t408rf8x86nm0000gn/T/fathom-iss029.ffsm1c/data-A
[helper] "GET /health HTTP/1.1" 200 -
[pass] C5-unknown-occupier-fallback :: 端口 17963 被未知进程占用 → 让位 17964；占用进程存活未受任何信号
{"event": "ports-exhausted", "blocked": [{"port": 17963, "reason": "unknown-http", "pids": [77251]}, {"port": 17964, "reason": "unknown-http", "pids": [77352]}, {"port": 17965, "reason": "unknown-http", "pids": [77453]}, {"port": 17966, "reason": "unknown-http", "pids": [77586]}, {"port": 17967, "reason": "unknown-http", "pids": [77671]}]}
[pass] C6-ports-exhausted-exit-3 :: 5 个候选端口全被未知进程占用 → 退出码 3；占用者全部存活；未写 discovery
[helper] listening 127.0.0.1:17963 instance=d5832e6d58b1 data=/var/folders/7s/_tq1mtjx4kn8t408rf8x86nm0000gn/T/fathom-iss029.ffsm1c/data-A
[helper] "GET /health HTTP/1.1" 200 -
[helper] "GET /health HTTP/1.1" 200 -
{"event": "single-owner-stale-check", "already_running": {"service": "dev.fathom.helper-experiment.iss029", "protocol_version": 1, "helper_version": "0.0.1-iss029", "instance_id": "d5832e6d58b1", "pid": 79178, "port": 17963, "control_token": "7f2186be7cd446aa8199404b9671b846", "started_at": 1789275194.182548}}
[helper] "GET /health HTTP/1.1" 200 -
[pass] C7-single-owner-exit-4 :: 同服务健康实例在跑 → 第二实例退出码 4；原实例不受影响
[helper] listening 127.0.0.1:17963 instance=41bfd6b120a1 data=/var/folders/7s/_tq1mtjx4kn8t408rf8x86nm0000gn/T/fathom-iss029.ffsm1c/data-crash
[helper] "GET /health HTTP/1.1" 200 -
[pass] C8a-crash-sigkill :: SIGKILL 崩溃 shell 报 137；discovery 残留为 stale
[helper] 接管 stale discovery：pid=79448 已退出
[helper] listening 127.0.0.1:17963 instance=6d2ff944a73a data=/var/folders/7s/_tq1mtjx4kn8t408rf8x86nm0000gn/T/fathom-iss029.ffsm1c/data-crash
[helper] "GET /health HTTP/1.1" 200 -
[helper] "GET /health HTTP/1.1" 200 -
[pass] C8b-stale-takeover :: 检测 stale(pid 已死)后接管同端口并改写 discovery（instance 轮换）
[pass] C9-resources-readonly :: 含空格/中文/& 的可执行目录全文指纹未变化（helper 零写入自身目录）
[pass] Z1-resource-reclaim :: 无残留进程、实验端口全部释放
== 汇总：PASS=21 FAIL=0 → /Users/maoking/orca/workspaces/fathom/iss-029-self-contained-runtime/apps/desktop/experiments/iss029/results/experiment-20260913T045303Z.json ==
RESULT=PASS（含 cleanup 回收断言；若 cleanup 失败将以非零码退出）
