== ISS-029 冻结冒烟 RUN_ID=20260913T050000Z ==
[pass] smoke-venv-ready :: task-local venv 已含 pyinstaller 6.22.3（与 pin 一致），跳过安装
[pass] smoke-freeze-lock :: pip freeze 快照见 smoke-20260913T050000Z.freeze.lock
[freeze A] 不带 --hidden-import fathom.api（预期 serve 反例）……
90 INFO: PyInstaller: 6.22.3, contrib hooks: 2026.7
90 INFO: Python: 3.14.6
110 INFO: Platform: macOS-15.7.4-arm64-arm-64bit-Mach-O
111 INFO: Python environment: /Users/maoking/orca/workspaces/fathom/iss-029-self-contained-runtime/apps/desktop/experiments/iss029/.venv-build
111 INFO: wrote /Users/maoking/orca/workspaces/fathom/iss-029-self-contained-runtime/apps/desktop/experiments/iss029/build/fathom-helper-exp-a.spec
118 INFO: Removing temporary files and cleaning cache in /Users/maoking/Library/Application Support/pyinstaller
178 INFO: Module search paths (PYTHONPATH):
['/opt/homebrew/Cellar/python@3.14/3.14.6/Frameworks/Python.framework/Versions/3.14/lib/python314.zip',
 '/opt/homebrew/Cellar/python@3.14/3.14.6/Frameworks/Python.framework/Versions/3.14/lib/python3.14',
 '/opt/homebrew/Cellar/python@3.14/3.14.6/Frameworks/Python.framework/Versions/3.14/lib/python3.14/lib-dynload',
 '/Users/maoking/orca/workspaces/fathom/iss-029-self-contained-runtime/apps/desktop/experiments/iss029/.venv-build/lib/python3.14/site-packages',
 '/Users/maoking/orca/workspaces/fathom/iss-029-self-contained-runtime/apps/desktop/experiments/iss029',
 '/Users/maoking/orca/workspaces/fathom/iss-029-self-contained-runtime']
381 INFO: checking Analysis
382 INFO: Building Analysis because Analysis-00.toc is non existent
382 INFO: Looking for Python shared library...
387 INFO: Using Python shared library: /opt/homebrew/Cellar/python@3.14/3.14.6/Frameworks/Python.framework/Versions/3.14/Python
387 INFO: Running Analysis Analysis-00.toc
387 INFO: Target bytecode optimization level: 0
387 INFO: Initializing module dependency graph...
388 INFO: Initializing module graph hook caches...
402 INFO: Analyzing modules for base_library.zip ...
1096 INFO: Processing standard module hook 'hook-math.py' from '/Users/maoking/orca/workspaces/fathom/iss-029-self-contained-runtime/apps/desktop/experiments/iss029/.venv-build/lib/python3.14/site-packages/PyInstaller/hooks'
1109 INFO: Processing standard module hook 'hook-encodings.py' from '/Users/maoking/orca/workspaces/fathom/iss-029-self-contained-runtime/apps/desktop/experiments/iss029/.venv-build/lib/python3.14/site-packages/PyInstaller/hooks'
5282 INFO: Processing standard module hook 'hook-difflib.py' from '/Users/maoking/orca/workspaces/fathom/iss-029-self-contained-runtime/apps/desktop/experiments/iss029/.venv-build/lib/python3.14/site-packages/PyInstaller/hooks'
5303 INFO: Processing standard module hook 'hook-heapq.py' from '/Users/maoking/orca/workspaces/fathom/iss-029-self-contained-runtime/apps/desktop/experiments/iss029/.venv-build/lib/python3.14/site-packages/PyInstaller/hooks'
5469 INFO: Processing standard module hook 'hook-pickle.py' from '/Users/maoking/orca/workspaces/fathom/iss-029-self-contained-runtime/apps/desktop/experiments/iss029/.venv-build/lib/python3.14/site-packages/PyInstaller/hooks'
7927 INFO: Caching module dependency graph...
7991 INFO: Analyzing /Users/maoking/orca/workspaces/fathom/iss-029-self-contained-runtime/apps/desktop/experiments/iss029/freeze_entry.py
8026 INFO: Processing standard module hook 'hook-sqlite3.py' from '/Users/maoking/orca/workspaces/fathom/iss-029-self-contained-runtime/apps/desktop/experiments/iss029/.venv-build/lib/python3.14/site-packages/PyInstaller/hooks'
8355 INFO: Processing standard module hook 'hook-uvicorn.py' from '/Users/maoking/orca/workspaces/fathom/iss-029-self-contained-runtime/apps/desktop/experiments/iss029/.venv-build/lib/python3.14/site-packages/_pyinstaller_hooks_contrib/stdhooks'
8977 INFO: Processing standard module hook 'hook-multiprocessing.util.py' from '/Users/maoking/orca/workspaces/fathom/iss-029-self-contained-runtime/apps/desktop/experiments/iss029/.venv-build/lib/python3.14/site-packages/PyInstaller/hooks'
9140 INFO: Processing standard module hook 'hook-xml.py' from '/Users/maoking/orca/workspaces/fathom/iss-029-self-contained-runtime/apps/desktop/experiments/iss029/.venv-build/lib/python3.14/site-packages/PyInstaller/hooks'
9979 INFO: Processing standard module hook 'hook-sysconfig.py' from '/Users/maoking/orca/workspaces/fathom/iss-029-self-contained-runtime/apps/desktop/experiments/iss029/.venv-build/lib/python3.14/site-packages/PyInstaller/hooks'
10028 INFO: Processing standard module hook 'hook-_osx_support.py' from '/Users/maoking/orca/workspaces/fathom/iss-029-self-contained-runtime/apps/desktop/experiments/iss029/.venv-build/lib/python3.14/site-packages/PyInstaller/hooks'
10039 INFO: Processing standard module hook 'hook-_ctypes.py' from '/Users/maoking/orca/workspaces/fathom/iss-029-self-contained-runtime/apps/desktop/experiments/iss029/.venv-build/lib/python3.14/site-packages/PyInstaller/hooks'
11077 INFO: Processing pre-safe-import-module hook 'hook-typing_extensions.py' from '/Users/maoking/orca/workspaces/fathom/iss-029-self-contained-runtime/apps/desktop/experiments/iss029/.venv-build/lib/python3.14/site-packages/PyInstaller/hooks/pre_safe_import_module'
11078 INFO: SetuptoolsInfo: initializing cached setuptools info...
11940 INFO: Processing standard module hook 'hook-platform.py' from '/Users/maoking/orca/workspaces/fathom/iss-029-self-contained-runtime/apps/desktop/experiments/iss029/.venv-build/lib/python3.14/site-packages/PyInstaller/hooks'
12481 INFO: Processing standard module hook 'hook-webbrowser.py' from '/Users/maoking/orca/workspaces/fathom/iss-029-self-contained-runtime/apps/desktop/experiments/iss029/.venv-build/lib/python3.14/site-packages/PyInstaller/hooks'
12882 INFO: Processing module hooks (post-graph stage)...
13048 INFO: Performing binary vs. data reclassification (2 entries)
13051 INFO: Looking for ctypes DLLs
13079 INFO: Analyzing run-time hooks ...
13081 INFO: Including run-time hook 'pyi_rth_inspect.py' from '/Users/maoking/orca/workspaces/fathom/iss-029-self-contained-runtime/apps/desktop/experiments/iss029/.venv-build/lib/python3.14/site-packages/PyInstaller/hooks/rthooks'
13084 INFO: Including run-time hook 'pyi_rth_pkgutil.py' from '/Users/maoking/orca/workspaces/fathom/iss-029-self-contained-runtime/apps/desktop/experiments/iss029/.venv-build/lib/python3.14/site-packages/PyInstaller/hooks/rthooks'
13086 INFO: Including run-time hook 'pyi_rth_multiprocessing.py' from '/Users/maoking/orca/workspaces/fathom/iss-029-self-contained-runtime/apps/desktop/experiments/iss029/.venv-build/lib/python3.14/site-packages/PyInstaller/hooks/rthooks'
13095 INFO: Creating base_library.zip...
13113 INFO: Looking for dynamic libraries
13237 INFO: Warnings written to /Users/maoking/orca/workspaces/fathom/iss-029-self-contained-runtime/apps/desktop/experiments/iss029/build/workA/fathom-helper-exp-a/warn-fathom-helper-exp-a.txt
13258 INFO: Graph cross-reference written to /Users/maoking/orca/workspaces/fathom/iss-029-self-contained-runtime/apps/desktop/experiments/iss029/build/workA/fathom-helper-exp-a/xref-fathom-helper-exp-a.html
13335 INFO: checking PYZ
13336 INFO: Building PYZ because PYZ-00.toc is non existent
13336 INFO: Building PYZ (ZlibArchive) /Users/maoking/orca/workspaces/fathom/iss-029-self-contained-runtime/apps/desktop/experiments/iss029/build/workA/fathom-helper-exp-a/PYZ-00.pyz
13723 INFO: Building PYZ (ZlibArchive) /Users/maoking/orca/workspaces/fathom/iss-029-self-contained-runtime/apps/desktop/experiments/iss029/build/workA/fathom-helper-exp-a/PYZ-00.pyz completed successfully.
13729 INFO: EXE target arch: arm64
13729 INFO: Code signing identity: None
13731 INFO: checking PKG
13731 INFO: Building PKG because PKG-00.toc is non existent
13731 INFO: Building PKG (CArchive) fathom-helper-exp-a.pkg
13746 INFO: Building PKG (CArchive) fathom-helper-exp-a.pkg completed successfully.
13747 INFO: Bootloader /Users/maoking/orca/workspaces/fathom/iss-029-self-contained-runtime/apps/desktop/experiments/iss029/.venv-build/lib/python3.14/site-packages/PyInstaller/bootloader/Darwin-64bit/run
13747 INFO: checking EXE
13747 INFO: Building EXE because EXE-00.toc is non existent
13747 INFO: Building EXE from EXE-00.toc
13747 INFO: Copying bootloader EXE to /Users/maoking/orca/workspaces/fathom/iss-029-self-contained-runtime/apps/desktop/experiments/iss029/build/workA/fathom-helper-exp-a/fathom-helper-exp-a
13748 INFO: Converting EXE to target arch (arm64)
13787 INFO: Removing signature(s) from EXE
13817 INFO: Modifying Mach-O image UUID(s) in EXE
13823 INFO: Appending PKG archive to EXE
13824 INFO: Fixing EXE headers for code signing
13829 INFO: Rewriting the executable's macOS SDK version (26.2.0) to match the SDK version of the Python library (15.4.0) in order to avoid inconsistent behavior and potential UI issues in the frozen application.
13830 INFO: Re-signing the EXE
13867 INFO: Building EXE from EXE-00.toc completed successfully.
13869 INFO: checking COLLECT
13869 INFO: Building COLLECT because COLLECT-00.toc is non existent
13869 INFO: Building COLLECT COLLECT-00.toc
19482 INFO: Building COLLECT COLLECT-00.toc completed successfully.
19485 INFO: Build complete! The results are available in: /Users/maoking/orca/workspaces/fathom/iss-029-self-contained-runtime/apps/desktop/experiments/iss029/build/distA
[pass] freeze-a-built :: onedir 构建完成：/Users/maoking/orca/workspaces/fathom/iss-029-self-contained-runtime/apps/desktop/experiments/iss029/build/distA/fathom-helper-exp-a/fathom-helper-exp-a
ERROR:    Error loading ASGI app. Could not import module "fathom.api".
[pass] freeze-a-g1-counterexample :: 无 hidden-import 时冻结产物 serve 失败：uvicorn 的 "fathom.api:app" 字符串导入不被静态分析（缺口 G1 实证，exit=3）
[freeze B] 带 --hidden-import fathom.api ……
78 INFO: PyInstaller: 6.22.3, contrib hooks: 2026.7
78 INFO: Python: 3.14.6
96 INFO: Platform: macOS-15.7.4-arm64-arm-64bit-Mach-O
96 INFO: Python environment: /Users/maoking/orca/workspaces/fathom/iss-029-self-contained-runtime/apps/desktop/experiments/iss029/.venv-build
97 INFO: wrote /Users/maoking/orca/workspaces/fathom/iss-029-self-contained-runtime/apps/desktop/experiments/iss029/build/fathom-helper-exp-b.spec
103 INFO: Removing temporary files and cleaning cache in /Users/maoking/Library/Application Support/pyinstaller
121 INFO: Module search paths (PYTHONPATH):
['/opt/homebrew/Cellar/python@3.14/3.14.6/Frameworks/Python.framework/Versions/3.14/lib/python314.zip',
 '/opt/homebrew/Cellar/python@3.14/3.14.6/Frameworks/Python.framework/Versions/3.14/lib/python3.14',
 '/opt/homebrew/Cellar/python@3.14/3.14.6/Frameworks/Python.framework/Versions/3.14/lib/python3.14/lib-dynload',
 '/Users/maoking/orca/workspaces/fathom/iss-029-self-contained-runtime/apps/desktop/experiments/iss029/.venv-build/lib/python3.14/site-packages',
 '/Users/maoking/orca/workspaces/fathom/iss-029-self-contained-runtime/apps/desktop/experiments/iss029',
 '/Users/maoking/orca/workspaces/fathom/iss-029-self-contained-runtime']
317 INFO: checking Analysis
317 INFO: Building Analysis because Analysis-00.toc is non existent
317 INFO: Looking for Python shared library...
321 INFO: Using Python shared library: /opt/homebrew/Cellar/python@3.14/3.14.6/Frameworks/Python.framework/Versions/3.14/Python
321 INFO: Running Analysis Analysis-00.toc
321 INFO: Target bytecode optimization level: 0
321 INFO: Initializing module dependency graph...
322 INFO: Initializing module graph hook caches...
335 INFO: Analyzing modules for base_library.zip ...
1158 INFO: Processing standard module hook 'hook-math.py' from '/Users/maoking/orca/workspaces/fathom/iss-029-self-contained-runtime/apps/desktop/experiments/iss029/.venv-build/lib/python3.14/site-packages/PyInstaller/hooks'
2075 INFO: Processing standard module hook 'hook-encodings.py' from '/Users/maoking/orca/workspaces/fathom/iss-029-self-contained-runtime/apps/desktop/experiments/iss029/.venv-build/lib/python3.14/site-packages/PyInstaller/hooks'
2416 INFO: Processing standard module hook 'hook-pickle.py' from '/Users/maoking/orca/workspaces/fathom/iss-029-self-contained-runtime/apps/desktop/experiments/iss029/.venv-build/lib/python3.14/site-packages/PyInstaller/hooks'
2683 INFO: Processing standard module hook 'hook-difflib.py' from '/Users/maoking/orca/workspaces/fathom/iss-029-self-contained-runtime/apps/desktop/experiments/iss029/.venv-build/lib/python3.14/site-packages/PyInstaller/hooks'
2699 INFO: Processing standard module hook 'hook-heapq.py' from '/Users/maoking/orca/workspaces/fathom/iss-029-self-contained-runtime/apps/desktop/experiments/iss029/.venv-build/lib/python3.14/site-packages/PyInstaller/hooks'
6262 INFO: Caching module dependency graph...
6303 INFO: Analyzing /Users/maoking/orca/workspaces/fathom/iss-029-self-contained-runtime/apps/desktop/experiments/iss029/freeze_entry.py
6323 INFO: Processing standard module hook 'hook-sqlite3.py' from '/Users/maoking/orca/workspaces/fathom/iss-029-self-contained-runtime/apps/desktop/experiments/iss029/.venv-build/lib/python3.14/site-packages/PyInstaller/hooks'
6561 INFO: Processing standard module hook 'hook-uvicorn.py' from '/Users/maoking/orca/workspaces/fathom/iss-029-self-contained-runtime/apps/desktop/experiments/iss029/.venv-build/lib/python3.14/site-packages/_pyinstaller_hooks_contrib/stdhooks'
7096 INFO: Processing standard module hook 'hook-multiprocessing.util.py' from '/Users/maoking/orca/workspaces/fathom/iss-029-self-contained-runtime/apps/desktop/experiments/iss029/.venv-build/lib/python3.14/site-packages/PyInstaller/hooks'
7236 INFO: Processing standard module hook 'hook-xml.py' from '/Users/maoking/orca/workspaces/fathom/iss-029-self-contained-runtime/apps/desktop/experiments/iss029/.venv-build/lib/python3.14/site-packages/PyInstaller/hooks'
7598 INFO: Processing standard module hook 'hook-sysconfig.py' from '/Users/maoking/orca/workspaces/fathom/iss-029-self-contained-runtime/apps/desktop/experiments/iss029/.venv-build/lib/python3.14/site-packages/PyInstaller/hooks'
7616 INFO: Processing standard module hook 'hook-_osx_support.py' from '/Users/maoking/orca/workspaces/fathom/iss-029-self-contained-runtime/apps/desktop/experiments/iss029/.venv-build/lib/python3.14/site-packages/PyInstaller/hooks'
7622 INFO: Processing standard module hook 'hook-_ctypes.py' from '/Users/maoking/orca/workspaces/fathom/iss-029-self-contained-runtime/apps/desktop/experiments/iss029/.venv-build/lib/python3.14/site-packages/PyInstaller/hooks'
8484 INFO: Processing pre-safe-import-module hook 'hook-typing_extensions.py' from '/Users/maoking/orca/workspaces/fathom/iss-029-self-contained-runtime/apps/desktop/experiments/iss029/.venv-build/lib/python3.14/site-packages/PyInstaller/hooks/pre_safe_import_module'
8485 INFO: SetuptoolsInfo: initializing cached setuptools info...
9072 INFO: Processing standard module hook 'hook-platform.py' from '/Users/maoking/orca/workspaces/fathom/iss-029-self-contained-runtime/apps/desktop/experiments/iss029/.venv-build/lib/python3.14/site-packages/PyInstaller/hooks'
9701 INFO: Processing standard module hook 'hook-webbrowser.py' from '/Users/maoking/orca/workspaces/fathom/iss-029-self-contained-runtime/apps/desktop/experiments/iss029/.venv-build/lib/python3.14/site-packages/PyInstaller/hooks'
10364 INFO: Analyzing hidden import 'fathom.api'
10930 INFO: Processing standard module hook 'hook-anyio.py' from '/Users/maoking/orca/workspaces/fathom/iss-029-self-contained-runtime/apps/desktop/experiments/iss029/.venv-build/lib/python3.14/site-packages/_pyinstaller_hooks_contrib/stdhooks'
12795 INFO: Processing standard module hook 'hook-pydantic.py' from '/Users/maoking/orca/workspaces/fathom/iss-029-self-contained-runtime/apps/desktop/experiments/iss029/.venv-build/lib/python3.14/site-packages/_pyinstaller_hooks_contrib/stdhooks'
15441 INFO: Processing standard module hook 'hook-zoneinfo.py' from '/Users/maoking/orca/workspaces/fathom/iss-029-self-contained-runtime/apps/desktop/experiments/iss029/.venv-build/lib/python3.14/site-packages/_pyinstaller_hooks_contrib/stdhooks'
18534 INFO: Processing module hooks (post-graph stage)...
18788 INFO: Processing pre-safe-import-module hook 'hook-tomli.py' from '/Users/maoking/orca/workspaces/fathom/iss-029-self-contained-runtime/apps/desktop/experiments/iss029/.venv-build/lib/python3.14/site-packages/PyInstaller/hooks/pre_safe_import_module'
18789 INFO: Setuptools: 'tomli' appears to be a setuptools-vendored copy - creating alias to 'setuptools._vendor.tomli'!
18800 INFO: Processing standard module hook 'hook-setuptools.py' from '/Users/maoking/orca/workspaces/fathom/iss-029-self-contained-runtime/apps/desktop/experiments/iss029/.venv-build/lib/python3.14/site-packages/PyInstaller/hooks'
18823 INFO: Processing pre-safe-import-module hook 'hook-distutils.py' from '/Users/maoking/orca/workspaces/fathom/iss-029-self-contained-runtime/apps/desktop/experiments/iss029/.venv-build/lib/python3.14/site-packages/PyInstaller/hooks/pre_safe_import_module'
18875 INFO: Processing pre-safe-import-module hook 'hook-jaraco.py' from '/Users/maoking/orca/workspaces/fathom/iss-029-self-contained-runtime/apps/desktop/experiments/iss029/.venv-build/lib/python3.14/site-packages/PyInstaller/hooks/pre_safe_import_module'
18876 INFO: Setuptools: 'jaraco' appears to be a full setuptools-vendored copy - creating alias to 'setuptools._vendor.jaraco'!
18894 INFO: Processing pre-safe-import-module hook 'hook-more_itertools.py' from '/Users/maoking/orca/workspaces/fathom/iss-029-self-contained-runtime/apps/desktop/experiments/iss029/.venv-build/lib/python3.14/site-packages/PyInstaller/hooks/pre_safe_import_module'
18894 INFO: Setuptools: 'more_itertools' appears to be a setuptools-vendored copy - creating alias to 'setuptools._vendor.more_itertools'!
19189 INFO: Processing pre-safe-import-module hook 'hook-packaging.py' from '/Users/maoking/orca/workspaces/fathom/iss-029-self-contained-runtime/apps/desktop/experiments/iss029/.venv-build/lib/python3.14/site-packages/PyInstaller/hooks/pre_safe_import_module'
19675 INFO: Processing standard module hook 'hook-setuptools._vendor.jaraco.text.py' from '/Users/maoking/orca/workspaces/fathom/iss-029-self-contained-runtime/apps/desktop/experiments/iss029/.venv-build/lib/python3.14/site-packages/PyInstaller/hooks'
19677 INFO: Processing pre-safe-import-module hook 'hook-importlib_resources.py' from '/Users/maoking/orca/workspaces/fathom/iss-029-self-contained-runtime/apps/desktop/experiments/iss029/.venv-build/lib/python3.14/site-packages/PyInstaller/hooks/pre_safe_import_module'
19692 INFO: Processing pre-safe-import-module hook 'hook-backports.py' from '/Users/maoking/orca/workspaces/fathom/iss-029-self-contained-runtime/apps/desktop/experiments/iss029/.venv-build/lib/python3.14/site-packages/PyInstaller/hooks/pre_safe_import_module'
19692 INFO: Setuptools: 'backports' appears to be a full setuptools-vendored copy - creating alias to 'setuptools._vendor.backports'!
21337 INFO: Processing pre-safe-import-module hook 'hook-wheel.py' from '/Users/maoking/orca/workspaces/fathom/iss-029-self-contained-runtime/apps/desktop/experiments/iss029/.venv-build/lib/python3.14/site-packages/PyInstaller/hooks/pre_safe_import_module'
21337 INFO: Setuptools: 'wheel' appears to be a setuptools-vendored copy - creating alias to 'setuptools._vendor.wheel'!
22784 INFO: Performing binary vs. data reclassification (3 entries)
22787 INFO: Looking for ctypes DLLs
22841 INFO: Analyzing run-time hooks ...
22845 INFO: Including run-time hook 'pyi_rth_inspect.py' from '/Users/maoking/orca/workspaces/fathom/iss-029-self-contained-runtime/apps/desktop/experiments/iss029/.venv-build/lib/python3.14/site-packages/PyInstaller/hooks/rthooks'
22850 INFO: Including run-time hook 'pyi_rth_pkgutil.py' from '/Users/maoking/orca/workspaces/fathom/iss-029-self-contained-runtime/apps/desktop/experiments/iss029/.venv-build/lib/python3.14/site-packages/PyInstaller/hooks/rthooks'
22852 INFO: Including run-time hook 'pyi_rth_multiprocessing.py' from '/Users/maoking/orca/workspaces/fathom/iss-029-self-contained-runtime/apps/desktop/experiments/iss029/.venv-build/lib/python3.14/site-packages/PyInstaller/hooks/rthooks'
22856 INFO: Including run-time hook 'pyi_rth_setuptools.py' from '/Users/maoking/orca/workspaces/fathom/iss-029-self-contained-runtime/apps/desktop/experiments/iss029/.venv-build/lib/python3.14/site-packages/PyInstaller/hooks/rthooks'
22873 INFO: Creating base_library.zip...
22894 INFO: Looking for dynamic libraries
23043 INFO: Warnings written to /Users/maoking/orca/workspaces/fathom/iss-029-self-contained-runtime/apps/desktop/experiments/iss029/build/workB/fathom-helper-exp-b/warn-fathom-helper-exp-b.txt
23092 INFO: Graph cross-reference written to /Users/maoking/orca/workspaces/fathom/iss-029-self-contained-runtime/apps/desktop/experiments/iss029/build/workB/fathom-helper-exp-b/xref-fathom-helper-exp-b.html
23175 INFO: checking PYZ
23175 INFO: Building PYZ because PYZ-00.toc is non existent
23175 INFO: Building PYZ (ZlibArchive) /Users/maoking/orca/workspaces/fathom/iss-029-self-contained-runtime/apps/desktop/experiments/iss029/build/workB/fathom-helper-exp-b/PYZ-00.pyz
23960 INFO: Building PYZ (ZlibArchive) /Users/maoking/orca/workspaces/fathom/iss-029-self-contained-runtime/apps/desktop/experiments/iss029/build/workB/fathom-helper-exp-b/PYZ-00.pyz completed successfully.
23975 INFO: EXE target arch: arm64
23975 INFO: Code signing identity: None
23977 INFO: checking PKG
23977 INFO: Building PKG because PKG-00.toc is non existent
23977 INFO: Building PKG (CArchive) fathom-helper-exp-b.pkg
23995 INFO: Building PKG (CArchive) fathom-helper-exp-b.pkg completed successfully.
23996 INFO: Bootloader /Users/maoking/orca/workspaces/fathom/iss-029-self-contained-runtime/apps/desktop/experiments/iss029/.venv-build/lib/python3.14/site-packages/PyInstaller/bootloader/Darwin-64bit/run
23996 INFO: checking EXE
23996 INFO: Building EXE because EXE-00.toc is non existent
23996 INFO: Building EXE from EXE-00.toc
23996 INFO: Copying bootloader EXE to /Users/maoking/orca/workspaces/fathom/iss-029-self-contained-runtime/apps/desktop/experiments/iss029/build/workB/fathom-helper-exp-b/fathom-helper-exp-b
23998 INFO: Converting EXE to target arch (arm64)
24041 INFO: Removing signature(s) from EXE
24072 INFO: Modifying Mach-O image UUID(s) in EXE
24081 INFO: Appending PKG archive to EXE
24085 INFO: Fixing EXE headers for code signing
24092 INFO: Rewriting the executable's macOS SDK version (26.2.0) to match the SDK version of the Python library (15.4.0) in order to avoid inconsistent behavior and potential UI issues in the frozen application.
24093 INFO: Re-signing the EXE
24133 INFO: Building EXE from EXE-00.toc completed successfully.
24136 INFO: checking COLLECT
24136 INFO: Building COLLECT because COLLECT-00.toc is non existent
24136 INFO: Building COLLECT COLLECT-00.toc
28405 INFO: Building COLLECT COLLECT-00.toc completed successfully.
28407 INFO: Build complete! The results are available in: /Users/maoking/orca/workspaces/fathom/iss-029-self-contained-runtime/apps/desktop/experiments/iss029/build/distB
[pass] freeze-b-built :: onedir 构建完成：/Users/maoking/orca/workspaces/fathom/iss-029-self-contained-runtime/apps/desktop/experiments/iss029/build/distB/fathom-helper-exp-b/fathom-helper-exp-b
[pass] smoke-file-arm64 :: /Users/maoking/orca/workspaces/fathom/iss-029-self-contained-runtime/apps/desktop/experiments/iss029/build/distB/fathom-helper-exp-b/fathom-helper-exp-b: Mach-O 64-bit executable arm64
[pass] smoke-otool-L :: 动态依赖清单见 smoke-20260913T050000Z.otool-L.txt（arm64 本机验证；无交叉架构声明）
usage: fathom [-h] {scan,report,bigfiles,status,serve,install,uninstall} ...
fathom: error: the following arguments are required: cmd
[pass] smoke-g3-version-gap :: 冻结产物 --version 退出码 2（argparse 拒绝）：生产 CLI 无身份/版本面（缺口 G3 实证）
[pass] smoke-g6-fixed-port-collision :: 实证 G6：生产 serve 固定绑定 7952 且无端口让位/身份探测；当前被 pid=6026 占用，按合同不杀占用者
[blocked] smoke-serve-nasty-path :: 7952 被占用，serve 用例无法在不影响占用者的前提下执行
[blocked] smoke-host-guard :: 同上
[blocked] smoke-g2-readonly-violation :: 同上
[blocked] smoke-sigterm-frozen :: 同上
RESULT=PARTIAL（7952 被占用；不杀未知占用进程）
