== ISS-029 冻结冒烟 RUN_ID=20260913T050248Z ==
[pass] smoke-venv-ready :: task-local venv 已含 pyinstaller 6.22.3（与 pin 一致），跳过安装
[pass] smoke-freeze-lock :: pip freeze 快照见 smoke-20260913T050248Z.freeze.lock
[freeze A] 不带 --hidden-import fathom.api（预期 serve 反例）……
58 INFO: PyInstaller: 6.22.3, contrib hooks: 2026.7
58 INFO: Python: 3.14.6
73 INFO: Platform: macOS-15.7.4-arm64-arm-64bit-Mach-O
73 INFO: Python environment: /Users/maoking/orca/workspaces/fathom/iss-029-self-contained-runtime/apps/desktop/experiments/iss029/.venv-build
74 INFO: wrote /Users/maoking/orca/workspaces/fathom/iss-029-self-contained-runtime/apps/desktop/experiments/iss029/build/fathom-helper-exp-a.spec
78 INFO: Removing temporary files and cleaning cache in /Users/maoking/Library/Application Support/pyinstaller
108 INFO: Module search paths (PYTHONPATH):
['/opt/homebrew/Cellar/python@3.14/3.14.6/Frameworks/Python.framework/Versions/3.14/lib/python314.zip',
 '/opt/homebrew/Cellar/python@3.14/3.14.6/Frameworks/Python.framework/Versions/3.14/lib/python3.14',
 '/opt/homebrew/Cellar/python@3.14/3.14.6/Frameworks/Python.framework/Versions/3.14/lib/python3.14/lib-dynload',
 '/Users/maoking/orca/workspaces/fathom/iss-029-self-contained-runtime/apps/desktop/experiments/iss029/.venv-build/lib/python3.14/site-packages',
 '/Users/maoking/orca/workspaces/fathom/iss-029-self-contained-runtime/apps/desktop/experiments/iss029',
 '/Users/maoking/orca/workspaces/fathom/iss-029-self-contained-runtime']
234 INFO: checking Analysis
234 INFO: Building Analysis because Analysis-00.toc is non existent
234 INFO: Looking for Python shared library...
237 INFO: Using Python shared library: /opt/homebrew/Cellar/python@3.14/3.14.6/Frameworks/Python.framework/Versions/3.14/Python
237 INFO: Running Analysis Analysis-00.toc
237 INFO: Target bytecode optimization level: 0
238 INFO: Initializing module dependency graph...
238 INFO: Initializing module graph hook caches...
249 INFO: Analyzing modules for base_library.zip ...
706 INFO: Processing standard module hook 'hook-encodings.py' from '/Users/maoking/orca/workspaces/fathom/iss-029-self-contained-runtime/apps/desktop/experiments/iss029/.venv-build/lib/python3.14/site-packages/PyInstaller/hooks'
1646 INFO: Processing standard module hook 'hook-math.py' from '/Users/maoking/orca/workspaces/fathom/iss-029-self-contained-runtime/apps/desktop/experiments/iss029/.venv-build/lib/python3.14/site-packages/PyInstaller/hooks'
3249 INFO: Processing standard module hook 'hook-difflib.py' from '/Users/maoking/orca/workspaces/fathom/iss-029-self-contained-runtime/apps/desktop/experiments/iss029/.venv-build/lib/python3.14/site-packages/PyInstaller/hooks'
3265 INFO: Processing standard module hook 'hook-heapq.py' from '/Users/maoking/orca/workspaces/fathom/iss-029-self-contained-runtime/apps/desktop/experiments/iss029/.venv-build/lib/python3.14/site-packages/PyInstaller/hooks'
3394 INFO: Processing standard module hook 'hook-pickle.py' from '/Users/maoking/orca/workspaces/fathom/iss-029-self-contained-runtime/apps/desktop/experiments/iss029/.venv-build/lib/python3.14/site-packages/PyInstaller/hooks'
4899 INFO: Caching module dependency graph...
4934 INFO: Analyzing /Users/maoking/orca/workspaces/fathom/iss-029-self-contained-runtime/apps/desktop/experiments/iss029/freeze_entry.py
4949 INFO: Processing standard module hook 'hook-sqlite3.py' from '/Users/maoking/orca/workspaces/fathom/iss-029-self-contained-runtime/apps/desktop/experiments/iss029/.venv-build/lib/python3.14/site-packages/PyInstaller/hooks'
5135 INFO: Processing standard module hook 'hook-uvicorn.py' from '/Users/maoking/orca/workspaces/fathom/iss-029-self-contained-runtime/apps/desktop/experiments/iss029/.venv-build/lib/python3.14/site-packages/_pyinstaller_hooks_contrib/stdhooks'
5532 INFO: Processing standard module hook 'hook-multiprocessing.util.py' from '/Users/maoking/orca/workspaces/fathom/iss-029-self-contained-runtime/apps/desktop/experiments/iss029/.venv-build/lib/python3.14/site-packages/PyInstaller/hooks'
5632 INFO: Processing standard module hook 'hook-xml.py' from '/Users/maoking/orca/workspaces/fathom/iss-029-self-contained-runtime/apps/desktop/experiments/iss029/.venv-build/lib/python3.14/site-packages/PyInstaller/hooks'
5916 INFO: Processing standard module hook 'hook-sysconfig.py' from '/Users/maoking/orca/workspaces/fathom/iss-029-self-contained-runtime/apps/desktop/experiments/iss029/.venv-build/lib/python3.14/site-packages/PyInstaller/hooks'
5932 INFO: Processing standard module hook 'hook-_osx_support.py' from '/Users/maoking/orca/workspaces/fathom/iss-029-self-contained-runtime/apps/desktop/experiments/iss029/.venv-build/lib/python3.14/site-packages/PyInstaller/hooks'
5937 INFO: Processing standard module hook 'hook-_ctypes.py' from '/Users/maoking/orca/workspaces/fathom/iss-029-self-contained-runtime/apps/desktop/experiments/iss029/.venv-build/lib/python3.14/site-packages/PyInstaller/hooks'
6667 INFO: Processing pre-safe-import-module hook 'hook-typing_extensions.py' from '/Users/maoking/orca/workspaces/fathom/iss-029-self-contained-runtime/apps/desktop/experiments/iss029/.venv-build/lib/python3.14/site-packages/PyInstaller/hooks/pre_safe_import_module'
6668 INFO: SetuptoolsInfo: initializing cached setuptools info...
7133 INFO: Processing standard module hook 'hook-platform.py' from '/Users/maoking/orca/workspaces/fathom/iss-029-self-contained-runtime/apps/desktop/experiments/iss029/.venv-build/lib/python3.14/site-packages/PyInstaller/hooks'
7652 INFO: Processing standard module hook 'hook-webbrowser.py' from '/Users/maoking/orca/workspaces/fathom/iss-029-self-contained-runtime/apps/desktop/experiments/iss029/.venv-build/lib/python3.14/site-packages/PyInstaller/hooks'
7929 INFO: Processing module hooks (post-graph stage)...
8045 INFO: Performing binary vs. data reclassification (2 entries)
8047 INFO: Looking for ctypes DLLs
8067 INFO: Analyzing run-time hooks ...
8068 INFO: Including run-time hook 'pyi_rth_inspect.py' from '/Users/maoking/orca/workspaces/fathom/iss-029-self-contained-runtime/apps/desktop/experiments/iss029/.venv-build/lib/python3.14/site-packages/PyInstaller/hooks/rthooks'
8071 INFO: Including run-time hook 'pyi_rth_pkgutil.py' from '/Users/maoking/orca/workspaces/fathom/iss-029-self-contained-runtime/apps/desktop/experiments/iss029/.venv-build/lib/python3.14/site-packages/PyInstaller/hooks/rthooks'
8072 INFO: Including run-time hook 'pyi_rth_multiprocessing.py' from '/Users/maoking/orca/workspaces/fathom/iss-029-self-contained-runtime/apps/desktop/experiments/iss029/.venv-build/lib/python3.14/site-packages/PyInstaller/hooks/rthooks'
8078 INFO: Creating base_library.zip...
8092 INFO: Looking for dynamic libraries
8179 INFO: Warnings written to /Users/maoking/orca/workspaces/fathom/iss-029-self-contained-runtime/apps/desktop/experiments/iss029/build/workA/fathom-helper-exp-a/warn-fathom-helper-exp-a.txt
8194 INFO: Graph cross-reference written to /Users/maoking/orca/workspaces/fathom/iss-029-self-contained-runtime/apps/desktop/experiments/iss029/build/workA/fathom-helper-exp-a/xref-fathom-helper-exp-a.html
8255 INFO: checking PYZ
8255 INFO: Building PYZ because PYZ-00.toc is non existent
8255 INFO: Building PYZ (ZlibArchive) /Users/maoking/orca/workspaces/fathom/iss-029-self-contained-runtime/apps/desktop/experiments/iss029/build/workA/fathom-helper-exp-a/PYZ-00.pyz
8567 INFO: Building PYZ (ZlibArchive) /Users/maoking/orca/workspaces/fathom/iss-029-self-contained-runtime/apps/desktop/experiments/iss029/build/workA/fathom-helper-exp-a/PYZ-00.pyz completed successfully.
8572 INFO: EXE target arch: arm64
8572 INFO: Code signing identity: None
8574 INFO: checking PKG
8574 INFO: Building PKG because PKG-00.toc is non existent
8574 INFO: Building PKG (CArchive) fathom-helper-exp-a.pkg
8586 INFO: Building PKG (CArchive) fathom-helper-exp-a.pkg completed successfully.
8587 INFO: Bootloader /Users/maoking/orca/workspaces/fathom/iss-029-self-contained-runtime/apps/desktop/experiments/iss029/.venv-build/lib/python3.14/site-packages/PyInstaller/bootloader/Darwin-64bit/run
8587 INFO: checking EXE
8587 INFO: Building EXE because EXE-00.toc is non existent
8587 INFO: Building EXE from EXE-00.toc
8587 INFO: Copying bootloader EXE to /Users/maoking/orca/workspaces/fathom/iss-029-self-contained-runtime/apps/desktop/experiments/iss029/build/workA/fathom-helper-exp-a/fathom-helper-exp-a
8587 INFO: Converting EXE to target arch (arm64)
8611 INFO: Removing signature(s) from EXE
8633 INFO: Modifying Mach-O image UUID(s) in EXE
8638 INFO: Appending PKG archive to EXE
8640 INFO: Fixing EXE headers for code signing
8644 INFO: Rewriting the executable's macOS SDK version (26.2.0) to match the SDK version of the Python library (15.4.0) in order to avoid inconsistent behavior and potential UI issues in the frozen application.
8645 INFO: Re-signing the EXE
8671 INFO: Building EXE from EXE-00.toc completed successfully.
8674 INFO: checking COLLECT
8674 INFO: Building COLLECT because COLLECT-00.toc is non existent
8674 INFO: Removing dir /Users/maoking/orca/workspaces/fathom/iss-029-self-contained-runtime/apps/desktop/experiments/iss029/build/distA/fathom-helper-exp-a
8691 INFO: Building COLLECT COLLECT-00.toc
12368 INFO: Building COLLECT COLLECT-00.toc completed successfully.
12370 INFO: Build complete! The results are available in: /Users/maoking/orca/workspaces/fathom/iss-029-self-contained-runtime/apps/desktop/experiments/iss029/build/distA
[pass] freeze-a-built :: onedir 构建完成：/Users/maoking/orca/workspaces/fathom/iss-029-self-contained-runtime/apps/desktop/experiments/iss029/build/distA/fathom-helper-exp-a/fathom-helper-exp-a
ERROR:    Error loading ASGI app. Could not import module "fathom.api".
[pass] freeze-a-g1-counterexample :: 无 hidden-import 时冻结产物 serve 失败：uvicorn 的 "fathom.api:app" 字符串导入不被静态分析（缺口 G1 实证，exit=3）
[freeze B] 带 --hidden-import fathom.api ……
52 INFO: PyInstaller: 6.22.3, contrib hooks: 2026.7
53 INFO: Python: 3.14.6
65 INFO: Platform: macOS-15.7.4-arm64-arm-64bit-Mach-O
65 INFO: Python environment: /Users/maoking/orca/workspaces/fathom/iss-029-self-contained-runtime/apps/desktop/experiments/iss029/.venv-build
66 INFO: wrote /Users/maoking/orca/workspaces/fathom/iss-029-self-contained-runtime/apps/desktop/experiments/iss029/build/fathom-helper-exp-b.spec
71 INFO: Removing temporary files and cleaning cache in /Users/maoking/Library/Application Support/pyinstaller
81 INFO: Module search paths (PYTHONPATH):
['/opt/homebrew/Cellar/python@3.14/3.14.6/Frameworks/Python.framework/Versions/3.14/lib/python314.zip',
 '/opt/homebrew/Cellar/python@3.14/3.14.6/Frameworks/Python.framework/Versions/3.14/lib/python3.14',
 '/opt/homebrew/Cellar/python@3.14/3.14.6/Frameworks/Python.framework/Versions/3.14/lib/python3.14/lib-dynload',
 '/Users/maoking/orca/workspaces/fathom/iss-029-self-contained-runtime/apps/desktop/experiments/iss029/.venv-build/lib/python3.14/site-packages',
 '/Users/maoking/orca/workspaces/fathom/iss-029-self-contained-runtime/apps/desktop/experiments/iss029',
 '/Users/maoking/orca/workspaces/fathom/iss-029-self-contained-runtime']
207 INFO: checking Analysis
207 INFO: Building Analysis because Analysis-00.toc is non existent
207 INFO: Looking for Python shared library...
211 INFO: Using Python shared library: /opt/homebrew/Cellar/python@3.14/3.14.6/Frameworks/Python.framework/Versions/3.14/Python
211 INFO: Running Analysis Analysis-00.toc
211 INFO: Target bytecode optimization level: 0
211 INFO: Initializing module dependency graph...
212 INFO: Initializing module graph hook caches...
222 INFO: Analyzing modules for base_library.zip ...
1160 INFO: Processing standard module hook 'hook-encodings.py' from '/Users/maoking/orca/workspaces/fathom/iss-029-self-contained-runtime/apps/desktop/experiments/iss029/.venv-build/lib/python3.14/site-packages/PyInstaller/hooks'
1434 INFO: Processing standard module hook 'hook-pickle.py' from '/Users/maoking/orca/workspaces/fathom/iss-029-self-contained-runtime/apps/desktop/experiments/iss029/.venv-build/lib/python3.14/site-packages/PyInstaller/hooks'
1621 INFO: Processing standard module hook 'hook-math.py' from '/Users/maoking/orca/workspaces/fathom/iss-029-self-contained-runtime/apps/desktop/experiments/iss029/.venv-build/lib/python3.14/site-packages/PyInstaller/hooks'
1747 INFO: Processing standard module hook 'hook-difflib.py' from '/Users/maoking/orca/workspaces/fathom/iss-029-self-contained-runtime/apps/desktop/experiments/iss029/.venv-build/lib/python3.14/site-packages/PyInstaller/hooks'
1759 INFO: Processing standard module hook 'hook-heapq.py' from '/Users/maoking/orca/workspaces/fathom/iss-029-self-contained-runtime/apps/desktop/experiments/iss029/.venv-build/lib/python3.14/site-packages/PyInstaller/hooks'
4014 INFO: Caching module dependency graph...
4046 INFO: Analyzing /Users/maoking/orca/workspaces/fathom/iss-029-self-contained-runtime/apps/desktop/experiments/iss029/freeze_entry.py
4061 INFO: Processing standard module hook 'hook-sqlite3.py' from '/Users/maoking/orca/workspaces/fathom/iss-029-self-contained-runtime/apps/desktop/experiments/iss029/.venv-build/lib/python3.14/site-packages/PyInstaller/hooks'
4243 INFO: Processing standard module hook 'hook-uvicorn.py' from '/Users/maoking/orca/workspaces/fathom/iss-029-self-contained-runtime/apps/desktop/experiments/iss029/.venv-build/lib/python3.14/site-packages/_pyinstaller_hooks_contrib/stdhooks'
4604 INFO: Processing standard module hook 'hook-multiprocessing.util.py' from '/Users/maoking/orca/workspaces/fathom/iss-029-self-contained-runtime/apps/desktop/experiments/iss029/.venv-build/lib/python3.14/site-packages/PyInstaller/hooks'
4700 INFO: Processing standard module hook 'hook-xml.py' from '/Users/maoking/orca/workspaces/fathom/iss-029-self-contained-runtime/apps/desktop/experiments/iss029/.venv-build/lib/python3.14/site-packages/PyInstaller/hooks'
5005 INFO: Processing standard module hook 'hook-sysconfig.py' from '/Users/maoking/orca/workspaces/fathom/iss-029-self-contained-runtime/apps/desktop/experiments/iss029/.venv-build/lib/python3.14/site-packages/PyInstaller/hooks'
5022 INFO: Processing standard module hook 'hook-_osx_support.py' from '/Users/maoking/orca/workspaces/fathom/iss-029-self-contained-runtime/apps/desktop/experiments/iss029/.venv-build/lib/python3.14/site-packages/PyInstaller/hooks'
5026 INFO: Processing standard module hook 'hook-_ctypes.py' from '/Users/maoking/orca/workspaces/fathom/iss-029-self-contained-runtime/apps/desktop/experiments/iss029/.venv-build/lib/python3.14/site-packages/PyInstaller/hooks'
5606 INFO: Processing pre-safe-import-module hook 'hook-typing_extensions.py' from '/Users/maoking/orca/workspaces/fathom/iss-029-self-contained-runtime/apps/desktop/experiments/iss029/.venv-build/lib/python3.14/site-packages/PyInstaller/hooks/pre_safe_import_module'
5607 INFO: SetuptoolsInfo: initializing cached setuptools info...
6097 INFO: Processing standard module hook 'hook-platform.py' from '/Users/maoking/orca/workspaces/fathom/iss-029-self-contained-runtime/apps/desktop/experiments/iss029/.venv-build/lib/python3.14/site-packages/PyInstaller/hooks'
6533 INFO: Processing standard module hook 'hook-webbrowser.py' from '/Users/maoking/orca/workspaces/fathom/iss-029-self-contained-runtime/apps/desktop/experiments/iss029/.venv-build/lib/python3.14/site-packages/PyInstaller/hooks'
6822 INFO: Analyzing hidden import 'fathom.api'
7061 INFO: Processing standard module hook 'hook-anyio.py' from '/Users/maoking/orca/workspaces/fathom/iss-029-self-contained-runtime/apps/desktop/experiments/iss029/.venv-build/lib/python3.14/site-packages/_pyinstaller_hooks_contrib/stdhooks'
7714 INFO: Processing standard module hook 'hook-pydantic.py' from '/Users/maoking/orca/workspaces/fathom/iss-029-self-contained-runtime/apps/desktop/experiments/iss029/.venv-build/lib/python3.14/site-packages/_pyinstaller_hooks_contrib/stdhooks'
8416 INFO: Processing standard module hook 'hook-zoneinfo.py' from '/Users/maoking/orca/workspaces/fathom/iss-029-self-contained-runtime/apps/desktop/experiments/iss029/.venv-build/lib/python3.14/site-packages/_pyinstaller_hooks_contrib/stdhooks'
10431 INFO: Processing module hooks (post-graph stage)...
10623 INFO: Processing pre-safe-import-module hook 'hook-tomli.py' from '/Users/maoking/orca/workspaces/fathom/iss-029-self-contained-runtime/apps/desktop/experiments/iss029/.venv-build/lib/python3.14/site-packages/PyInstaller/hooks/pre_safe_import_module'
10624 INFO: Setuptools: 'tomli' appears to be a setuptools-vendored copy - creating alias to 'setuptools._vendor.tomli'!
10632 INFO: Processing standard module hook 'hook-setuptools.py' from '/Users/maoking/orca/workspaces/fathom/iss-029-self-contained-runtime/apps/desktop/experiments/iss029/.venv-build/lib/python3.14/site-packages/PyInstaller/hooks'
10650 INFO: Processing pre-safe-import-module hook 'hook-distutils.py' from '/Users/maoking/orca/workspaces/fathom/iss-029-self-contained-runtime/apps/desktop/experiments/iss029/.venv-build/lib/python3.14/site-packages/PyInstaller/hooks/pre_safe_import_module'
10693 INFO: Processing pre-safe-import-module hook 'hook-jaraco.py' from '/Users/maoking/orca/workspaces/fathom/iss-029-self-contained-runtime/apps/desktop/experiments/iss029/.venv-build/lib/python3.14/site-packages/PyInstaller/hooks/pre_safe_import_module'
10693 INFO: Setuptools: 'jaraco' appears to be a full setuptools-vendored copy - creating alias to 'setuptools._vendor.jaraco'!
10706 INFO: Processing pre-safe-import-module hook 'hook-more_itertools.py' from '/Users/maoking/orca/workspaces/fathom/iss-029-self-contained-runtime/apps/desktop/experiments/iss029/.venv-build/lib/python3.14/site-packages/PyInstaller/hooks/pre_safe_import_module'
10707 INFO: Setuptools: 'more_itertools' appears to be a setuptools-vendored copy - creating alias to 'setuptools._vendor.more_itertools'!
10901 INFO: Processing pre-safe-import-module hook 'hook-packaging.py' from '/Users/maoking/orca/workspaces/fathom/iss-029-self-contained-runtime/apps/desktop/experiments/iss029/.venv-build/lib/python3.14/site-packages/PyInstaller/hooks/pre_safe_import_module'
11288 INFO: Processing standard module hook 'hook-setuptools._vendor.jaraco.text.py' from '/Users/maoking/orca/workspaces/fathom/iss-029-self-contained-runtime/apps/desktop/experiments/iss029/.venv-build/lib/python3.14/site-packages/PyInstaller/hooks'
11290 INFO: Processing pre-safe-import-module hook 'hook-importlib_resources.py' from '/Users/maoking/orca/workspaces/fathom/iss-029-self-contained-runtime/apps/desktop/experiments/iss029/.venv-build/lib/python3.14/site-packages/PyInstaller/hooks/pre_safe_import_module'
11303 INFO: Processing pre-safe-import-module hook 'hook-backports.py' from '/Users/maoking/orca/workspaces/fathom/iss-029-self-contained-runtime/apps/desktop/experiments/iss029/.venv-build/lib/python3.14/site-packages/PyInstaller/hooks/pre_safe_import_module'
11303 INFO: Setuptools: 'backports' appears to be a full setuptools-vendored copy - creating alias to 'setuptools._vendor.backports'!
12581 INFO: Processing pre-safe-import-module hook 'hook-wheel.py' from '/Users/maoking/orca/workspaces/fathom/iss-029-self-contained-runtime/apps/desktop/experiments/iss029/.venv-build/lib/python3.14/site-packages/PyInstaller/hooks/pre_safe_import_module'
12582 INFO: Setuptools: 'wheel' appears to be a setuptools-vendored copy - creating alias to 'setuptools._vendor.wheel'!
13589 INFO: Performing binary vs. data reclassification (3 entries)
13591 INFO: Looking for ctypes DLLs
13623 INFO: Analyzing run-time hooks ...
13626 INFO: Including run-time hook 'pyi_rth_inspect.py' from '/Users/maoking/orca/workspaces/fathom/iss-029-self-contained-runtime/apps/desktop/experiments/iss029/.venv-build/lib/python3.14/site-packages/PyInstaller/hooks/rthooks'
13628 INFO: Including run-time hook 'pyi_rth_pkgutil.py' from '/Users/maoking/orca/workspaces/fathom/iss-029-self-contained-runtime/apps/desktop/experiments/iss029/.venv-build/lib/python3.14/site-packages/PyInstaller/hooks/rthooks'
13630 INFO: Including run-time hook 'pyi_rth_multiprocessing.py' from '/Users/maoking/orca/workspaces/fathom/iss-029-self-contained-runtime/apps/desktop/experiments/iss029/.venv-build/lib/python3.14/site-packages/PyInstaller/hooks/rthooks'
13632 INFO: Including run-time hook 'pyi_rth_setuptools.py' from '/Users/maoking/orca/workspaces/fathom/iss-029-self-contained-runtime/apps/desktop/experiments/iss029/.venv-build/lib/python3.14/site-packages/PyInstaller/hooks/rthooks'
13642 INFO: Creating base_library.zip...
13656 INFO: Looking for dynamic libraries
13758 INFO: Warnings written to /Users/maoking/orca/workspaces/fathom/iss-029-self-contained-runtime/apps/desktop/experiments/iss029/build/workB/fathom-helper-exp-b/warn-fathom-helper-exp-b.txt
13795 INFO: Graph cross-reference written to /Users/maoking/orca/workspaces/fathom/iss-029-self-contained-runtime/apps/desktop/experiments/iss029/build/workB/fathom-helper-exp-b/xref-fathom-helper-exp-b.html
13858 INFO: checking PYZ
13858 INFO: Building PYZ because PYZ-00.toc is non existent
13858 INFO: Building PYZ (ZlibArchive) /Users/maoking/orca/workspaces/fathom/iss-029-self-contained-runtime/apps/desktop/experiments/iss029/build/workB/fathom-helper-exp-b/PYZ-00.pyz
14482 INFO: Building PYZ (ZlibArchive) /Users/maoking/orca/workspaces/fathom/iss-029-self-contained-runtime/apps/desktop/experiments/iss029/build/workB/fathom-helper-exp-b/PYZ-00.pyz completed successfully.
14491 INFO: EXE target arch: arm64
14491 INFO: Code signing identity: None
14493 INFO: checking PKG
14493 INFO: Building PKG because PKG-00.toc is non existent
14493 INFO: Building PKG (CArchive) fathom-helper-exp-b.pkg
14505 INFO: Building PKG (CArchive) fathom-helper-exp-b.pkg completed successfully.
14505 INFO: Bootloader /Users/maoking/orca/workspaces/fathom/iss-029-self-contained-runtime/apps/desktop/experiments/iss029/.venv-build/lib/python3.14/site-packages/PyInstaller/bootloader/Darwin-64bit/run
14505 INFO: checking EXE
14505 INFO: Building EXE because EXE-00.toc is non existent
14505 INFO: Building EXE from EXE-00.toc
14505 INFO: Copying bootloader EXE to /Users/maoking/orca/workspaces/fathom/iss-029-self-contained-runtime/apps/desktop/experiments/iss029/build/workB/fathom-helper-exp-b/fathom-helper-exp-b
14510 INFO: Converting EXE to target arch (arm64)
14544 INFO: Removing signature(s) from EXE
14564 INFO: Modifying Mach-O image UUID(s) in EXE
14571 INFO: Appending PKG archive to EXE
14573 INFO: Fixing EXE headers for code signing
14578 INFO: Rewriting the executable's macOS SDK version (26.2.0) to match the SDK version of the Python library (15.4.0) in order to avoid inconsistent behavior and potential UI issues in the frozen application.
14579 INFO: Re-signing the EXE
14609 INFO: Building EXE from EXE-00.toc completed successfully.
14611 INFO: checking COLLECT
14611 INFO: Building COLLECT because COLLECT-00.toc is non existent
14611 INFO: Removing dir /Users/maoking/orca/workspaces/fathom/iss-029-self-contained-runtime/apps/desktop/experiments/iss029/build/distB/fathom-helper-exp-b
14618 INFO: Building COLLECT COLLECT-00.toc
17895 INFO: Building COLLECT COLLECT-00.toc completed successfully.
17897 INFO: Build complete! The results are available in: /Users/maoking/orca/workspaces/fathom/iss-029-self-contained-runtime/apps/desktop/experiments/iss029/build/distB
[pass] freeze-b-built :: onedir 构建完成：/Users/maoking/orca/workspaces/fathom/iss-029-self-contained-runtime/apps/desktop/experiments/iss029/build/distB/fathom-helper-exp-b/fathom-helper-exp-b
[pass] smoke-file-arm64 :: /Users/maoking/orca/workspaces/fathom/iss-029-self-contained-runtime/apps/desktop/experiments/iss029/build/distB/fathom-helper-exp-b/fathom-helper-exp-b: Mach-O 64-bit executable arm64
[pass] smoke-otool-L :: 动态依赖清单见 smoke-20260913T050248Z.otool-L.txt（arm64 本机验证；无交叉架构声明）
usage: fathom [-h] {scan,report,bigfiles,status,serve,install,uninstall} ...
fathom: error: the following arguments are required: cmd
[pass] smoke-g3-version-gap :: 冻结产物 --version 退出码 2（argparse 拒绝）：生产 CLI 无身份/版本面（缺口 G3 实证）
[pass] smoke-g6-fixed-port-collision :: 实证 G6：生产 serve 固定绑定 7952 且无端口让位/身份探测；当前被 pid=6026 占用，按合同不杀占用者
INFO:     Started server process [28383]
INFO:     Waiting for application startup.
INFO:     Application startup complete.
ERROR:    [Errno 48] error while attempting to bind on address ('127.0.0.1', 7952): [errno 48] address already in use
INFO:     Waiting for application shutdown.
INFO:     Application shutdown complete.
[pass] smoke-g6-runtime-bind-failure :: 冻结 serve 在 7952 绑定失败退出（exit=3）：固定端口无让位的运行时实证；占用者 pid=6026 全程未受影响
[pass] smoke-g2-readonly-violation :: 实证 G2：绑定失败路径仍在冻结树内创建运行时目录（/var/folders/7s/_tq1mtjx4kn8t408rf8x86nm0000gn/T//fathom-iss029-smoke.Jcsfz9/app/Fathom 冒烟 & Helper 目录/_internal/data /var/folders/7s/_tq1mtjx4kn8t408rf8x86nm0000gn/T//fathom-iss029-smoke.Jcsfz9/app/Fathom 冒烟 & Helper 目录/_internal/logs /var/folders/7s/_tq1mtjx4kn8t408rf8x86nm0000gn/T//fathom-iss029-smoke.Jcsfz9/app/Fathom 冒烟 & Helper 目录/_internal/reports ）——生产 config 需冻结感知数据根
[blocked] smoke-serve-nasty-path :: 7952 被占用，健康 serve 用例无法在不影响占用者的前提下执行（ nasty 目录可执行性已由 G2/G6 运行证明）
[blocked] smoke-host-guard :: 需健康 serve 才能验证；7952 被占用
[blocked] smoke-sigterm-frozen :: 需健康 serve 才能验证；7952 被占用
RESULT=PARTIAL（7952 被占用；不杀未知占用进程）
