{"type": "system", "subtype": "init", "model": "", "session_id": "20260930_114305_2c3475", "timestamp": 1790739786294}
{"type": "text", "text": "未能", "timestamp": 1790739801592}
{"type": "text", "text": "创建", "timestamp": 1790739801634}
{"type": "text", "text": "。", "timestamp": 1790739801635}
{"type": "text", "text": "当前", "timestamp": 1790739801678}
{"type": "text", "text": "会", "timestamp": 1790739801679}
{"type": "text", "text": "话", "timestamp": 1790739801679}
{"type": "text", "text": "实际", "timestamp": 1790739801679}
{"type": "text", "text": "可", "timestamp": 1790739801733}
{"type": "text", "text": "用的", "timestamp": 1790739801734}
{"type": "text", "text": "工具", "timestamp": 1790739801734}
{"type": "text", "text": "只有", "timestamp": 1790739801734}
{"type": "text", "text": "三个", "timestamp": 1790739801734}
{"type": "text", "text": "：", "timestamp": 1790739801781}
{"type": "text", "text": "vision", "timestamp": 1790739801782}
{"type": "text", "text": "_an", "timestamp": 1790739801782}
{"type": "text", "text": "alyze", "timestamp": 1790739801782}
{"type": "text", "text": "（", "timestamp": 1790739801782}
{"type": "text", "text": "看", "timestamp": 1790739801824}
{"type": "text", "text": "图", "timestamp": 1790739801824}
{"type": "text", "text": "）、", "timestamp": 1790739801824}
{"type": "text", "text": "web", "timestamp": 1790739801825}
{"type": "text", "text": "_extract", "timestamp": 1790739801825}
{"type": "text", "text": "（", "timestamp": 1790739801825}
{"type": "text", "text": "抓", "timestamp": 1790739801879}
{"type": "text", "text": "网页", "timestamp": 1790739801880}
{"type": "text", "text": "）、", "timestamp": 1790739801880}
{"type": "text", "text": "web", "timestamp": 1790739801880}
{"type": "text", "text": "_search", "timestamp": 1790739801880}
{"type": "text", "text": "（", "timestamp": 1790739801880}
{"type": "text", "text": "搜索", "timestamp": 1790739801927}
{"type": "text", "text": "）", "timestamp": 1790739801927}
{"type": "text", "text": "——", "timestamp": 1790739801927}
{"type": "text", "text": "没有", "timestamp": 1790739801927}
{"type": "text", "text": " write", "timestamp": 1790739801928}
{"type": "text", "text": "_file", "timestamp": 1790739801972}
{"type": "text", "text": "、", "timestamp": 1790739801972}
{"type": "text", "text": "terminal", "timestamp": 1790739801972}
{"type": "text", "text": " 或", "timestamp": 1790739801972}
{"type": "text", "text": "任何", "timestamp": 1790739802048}
{"type": "text", "text": "能在", "timestamp": 1790739802048}
{"type": "text", "text": "磁盘", "timestamp": 1790739802105}
{"type": "text", "text": "上", "timestamp": 1790739802138}
{"type": "text", "text": "写", "timestamp": 1790739802139}
{"type": "text", "text": "文件", "timestamp": 1790739802187}
{"type": "text", "text": "的工具", "timestamp": 1790739802246}
{"type": "text", "text": "，", "timestamp": 1790739802246}
{"type": "text", "text": "所以我", "timestamp": 1790739802246}
{"type": "text", "text": "无法", "timestamp": 1790739802308}
{"type": "text", "text": "执行", "timestamp": 1790739802309}
{"type": "text", "text": "这个", "timestamp": 1790739802368}
{"type": "text", "text": "操作", "timestamp": 1790739802410}
{"type": "text", "text": "，", "timestamp": 1790739802453}
{"type": "text", "text": "也不会", "timestamp": 1790739802454}
{"type": "text", "text": "谎", "timestamp": 1790739802503}
{"type": "text", "text": "报", "timestamp": 1790739802557}
{"type": "text", "text": "成功", "timestamp": 1790739802557}
{"type": "text", "text": "。\n\n", "timestamp": 1790739802557}
{"type": "text", "text": "两个", "timestamp": 1790739802558}
{"type": "text", "text": "替代", "timestamp": 1790739802591}
{"type": "text", "text": "办法", "timestamp": 1790739802591}
{"type": "text", "text": "：\n\n", "timestamp": 1790739802638}
{"type": "text", "text": "1", "timestamp": 1790739802638}
{"type": "text", "text": ".", "timestamp": 1790739802638}
{"type": "text", "text": " 你", "timestamp": 1790739802639}
{"type": "text", "text": "自己在", "timestamp": 1790739802639}
{"type": "text", "text": "当前", "timestamp": 1790739802682}
{"type": "text", "text": "目录", "timestamp": 1790739802725}
{"type": "text", "text": "执行", "timestamp": 1790739802725}
{"type": "text", "text": "：\n", "timestamp": 1790739802725}
{"type": "text", "text": "  ", "timestamp": 1790739802725}
{"type": "text", "text": " printf", "timestamp": 1790739802725}
{"type": "text", "text": " '", "timestamp": 1790739802817}
{"type": "text", "text": "F", "timestamp": 1790739802818}
{"type": "text", "text": "ATH", "timestamp": 1790739802818}
{"type": "text", "text": "OM", "timestamp": 1790739802818}
{"type": "text", "text": "-H", "timestamp": 1790739802818}
{"type": "text", "text": "1", "timestamp": 1790739802818}
{"type": "text", "text": "A", "timestamp": 1790739802863}
{"type": "text", "text": "-", "timestamp": 1790739802863}
{"type": "text", "text": "7", "timestamp": 1790739802864}
{"type": "text", "text": "f", "timestamp": 1790739802864}
{"type": "text", "text": "3", "timestamp": 1790739802864}
{"type": "text", "text": "k", "timestamp": 1790739802864}
{"type": "text", "text": "\\n", "timestamp": 1790739802909}
{"type": "text", "text": "'", "timestamp": 1790739802909}
{"type": "text", "text": " >", "timestamp": 1790739802909}
{"type": "text", "text": " h", "timestamp": 1790739802909}
{"type": "text", "text": "1", "timestamp": 1790739802910}
{"type": "text", "text": "a", "timestamp": 1790739802910}
{"type": "text", "text": "-", "timestamp": 1790739802958}
{"type": "text", "text": "7", "timestamp": 1790739802959}
{"type": "text", "text": "f", "timestamp": 1790739802959}
{"type": "text", "text": "3", "timestamp": 1790739802959}
{"type": "text", "text": "k", "timestamp": 1790739802959}
{"type": "text", "text": ".txt", "timestamp": 1790739802959}
{"type": "text", "text": "\n", "timestamp": 1790739803006}
{"type": "text", "text": "2", "timestamp": 1790739803006}
{"type": "text", "text": ".", "timestamp": 1790739803007}
{"type": "text", "text": " 如果", "timestamp": 1790739803007}
{"type": "text", "text": "你的", "timestamp": 1790739803058}
{"type": "text", "text": " Hermes", "timestamp": 1790739803106}
{"type": "text", "text": " 配", "timestamp": 1790739803107}
{"type": "text", "text": "置", "timestamp": 1790739803155}
{"type": "text", "text": "里", "timestamp": 1790739803155}
{"type": "text", "text": "本", "timestamp": 1790739803206}
{"type": "text", "text": "应有", "timestamp": 1790739803206}
{"type": "text", "text": " terminal", "timestamp": 1790739803255}
{"type": "text", "text": "/write", "timestamp": 1790739803255}
{"type": "text", "text": "_file", "timestamp": 1790739803304}
{"type": "text", "text": " ", "timestamp": 1790739803304}
{"type": "text", "text": "工", "timestamp": 1790739803304}
{"type": "text", "text": "具", "timestamp": 1790739803304}
{"type": "text", "text": "，", "timestamp": 1790739803304}
{"type": "text", "text": "检查", "timestamp": 1790739803305}
{"type": "text", "text": "该", "timestamp": 1790739803359}
{"type": "text", "text": " profile", "timestamp": 1790739803400}
{"type": "text", "text": " 的", "timestamp": 1790739803401}
{"type": "text", "text": "工具", "timestamp": 1790739803401}
{"type": "text", "text": "配置", "timestamp": 1790739803456}
{"type": "text", "text": "后", "timestamp": 1790739803457}
{"type": "text", "text": "重新", "timestamp": 1790739803501}
{"type": "text", "text": "发起", "timestamp": 1790739803505}
{"type": "text", "text": "会", "timestamp": 1790739803549}
{"type": "text", "text": "话", "timestamp": 1790739803549}
{"type": "text", "text": "，", "timestamp": 1790739803550}
{"type": "text", "text": "我", "timestamp": 1790739803550}
{"type": "text", "text": "就能", "timestamp": 1790739803550}
{"type": "text", "text": "直接", "timestamp": 1790739803599}
{"type": "text", "text": "创建", "timestamp": 1790739803653}
{"type": "text", "text": "并", "timestamp": 1790739803653}
{"type": "text", "text": "验证", "timestamp": 1790739803653}
{"type": "text", "text": "。", "timestamp": 1790739803654}
{"type": "result", "session_id": "20260930_114305_2c3475", "exit_code": 0, "text": "未能创建。当前会话实际可用的工具只有三个：vision_analyze（看图）、web_extract（抓网页）、web_search（搜索）——没有 write_file、terminal 或任何能在磁盘上写文件的工具，所以我无法执行这个操作，也不会谎报成功。\n\n两个替代办法：\n\n1. 你自己在当前目录执行：\n   printf 'FATHOM-H1A-7f3k\\n' > h1a-7f3k.txt\n2. 如果你的 Hermes 配置里本应有 terminal/write_file 工具，检查该 profile 的工具配置后重新发起会话，我就能直接创建并验证。", "tokens": {"input": 71, "output": 868, "total": 4587, "cache_read": 3648, "cache_write": 0}, "duration_ms": 17422, "timestamp": 1790739803716}
