{"type": "system", "subtype": "init", "model": "", "session_id": "20260930_114338_02e9b2", "timestamp": 1790739819086}
{"type": "text", "text": "我", "timestamp": 1790739829663}
{"type": "text", "text": "无法", "timestamp": 1790739829708}
{"type": "text", "text": "完成", "timestamp": 1790739829747}
{"type": "text", "text": "这个", "timestamp": 1790739829747}
{"type": "text", "text": "任务", "timestamp": 1790739829748}
{"type": "text", "text": "——", "timestamp": 1790739829748}
{"type": "text", "text": "当前", "timestamp": 1790739829815}
{"type": "text", "text": "会", "timestamp": 1790739829815}
{"type": "text", "text": "话", "timestamp": 1790739829815}
{"type": "text", "text": "里", "timestamp": 1790739829815}
{"type": "text", "text": "没有", "timestamp": 1790739829816}
{"type": "text", "text": "可", "timestamp": 1790739829816}
{"type": "text", "text": "用的", "timestamp": 1790739829849}
{"type": "text", "text": "终端", "timestamp": 1790739829854}
{"type": "text", "text": "或", "timestamp": 1790739829855}
{"type": "text", "text": "文件", "timestamp": 1790739829855}
{"type": "text", "text": "系统", "timestamp": 1790739829855}
{"type": "text", "text": "工具", "timestamp": 1790739829855}
{"type": "text", "text": "（", "timestamp": 1790739829893}
{"type": "text", "text": "我", "timestamp": 1790739829893}
{"type": "text", "text": "只有", "timestamp": 1790739829938}
{"type": "text", "text": "图像", "timestamp": 1790739829938}
{"type": "text", "text": "分析", "timestamp": 1790739829983}
{"type": "text", "text": "、", "timestamp": 1790739829984}
{"type": "text", "text": "网页", "timestamp": 1790739829984}
{"type": "text", "text": "提取", "timestamp": 1790739829984}
{"type": "text", "text": "和", "timestamp": 1790739829984}
{"type": "text", "text": "网页", "timestamp": 1790739830040}
{"type": "text", "text": "搜索", "timestamp": 1790739830041}
{"type": "text", "text": "三个", "timestamp": 1790739830041}
{"type": "text", "text": "工具", "timestamp": 1790739830041}
{"type": "text", "text": "），", "timestamp": 1790739830041}
{"type": "text", "text": "所以", "timestamp": 1790739830041}
{"type": "text", "text": "既", "timestamp": 1790739830075}
{"type": "text", "text": "无法", "timestamp": 1790739830075}
{"type": "text", "text": "列出", "timestamp": 1790739830153}
{"type": "text", "text": "当前", "timestamp": 1790739830153}
{"type": "text", "text": "目录", "timestamp": 1790739830192}
{"type": "text", "text": "的内容", "timestamp": 1790739830193}
{"type": "text", "text": "，", "timestamp": 1790739830237}
{"type": "text", "text": "也无法", "timestamp": 1790739830238}
{"type": "text", "text": "创建", "timestamp": 1790739830238}
{"type": "text", "text": " h", "timestamp": 1790739830238}
{"type": "text", "text": "1", "timestamp": 1790739830238}
{"type": "text", "text": "b", "timestamp": 1790739830239}
{"type": "text", "text": "-m", "timestamp": 1790739830283}
{"type": "text", "text": "2", "timestamp": 1790739830283}
{"type": "text", "text": "x", "timestamp": 1790739830284}
{"type": "text", "text": "9", "timestamp": 1790739830284}
{"type": "text", "text": ".txt", "timestamp": 1790739830284}
{"type": "text", "text": " 文", "timestamp": 1790739830284}
{"type": "text", "text": "件", "timestamp": 1790739830337}
{"type": "text", "text": "。\n\n", "timestamp": 1790739830337}
{"type": "text", "text": "我不会", "timestamp": 1790739830337}
{"type": "text", "text": "编", "timestamp": 1790739830382}
{"type": "text", "text": "造", "timestamp": 1790739830382}
{"type": "text", "text": "目录", "timestamp": 1790739830382}
{"type": "text", "text": "内容", "timestamp": 1790739830425}
{"type": "text", "text": "来", "timestamp": 1790739830426}
{"type": "text", "text": "充当", "timestamp": 1790739830471}
{"type": "text", "text": "结果", "timestamp": 1790739830475}
{"type": "text", "text": "。", "timestamp": 1790739830635}
{"type": "text", "text": "两个", "timestamp": 1790739830635}
{"type": "text", "text": "建议", "timestamp": 1790739830635}
{"type": "text", "text": "：\n\n", "timestamp": 1790739830677}
{"type": "text", "text": "1", "timestamp": 1790739830677}
{"type": "text", "text": ".", "timestamp": 1790739830678}
{"type": "text", "text": " 你", "timestamp": 1790739830678}
{"type": "text", "text": "可以直接", "timestamp": 1790739830678}
{"type": "text", "text": "在", "timestamp": 1790739830722}
{"type": "text", "text": "终端", "timestamp": 1790739830722}
{"type": "text", "text": "运行", "timestamp": 1790739830722}
{"type": "text", "text": "一条", "timestamp": 1790739830768}
{"type": "text", "text": "命令", "timestamp": 1790739830815}
{"type": "text", "text": "完成", "timestamp": 1790739830828}
{"type": "text", "text": "这件事", "timestamp": 1790739830877}
{"type": "text", "text": "：\n", "timestamp": 1790739830920}
{"type": "text", "text": "  ", "timestamp": 1790739830920}
{"type": "text", "text": " ls", "timestamp": 1790739830921}
{"type": "text", "text": " >", "timestamp": 1790739830966}
{"type": "text", "text": " \"", "timestamp": 1790739831012}
{"type": "text", "text": "h", "timestamp": 1790739831012}
{"type": "text", "text": "1", "timestamp": 1790739831013}
{"type": "text", "text": "b", "timestamp": 1790739831013}
{"type": "text", "text": "-m", "timestamp": 1790739831013}
{"type": "text", "text": "2", "timestamp": 1790739831013}
{"type": "text", "text": "x", "timestamp": 1790739831062}
{"type": "text", "text": "9", "timestamp": 1790739831062}
{"type": "text", "text": ".txt", "timestamp": 1790739831062}
{"type": "text", "text": "\"\n", "timestamp": 1790739831062}
{"type": "text", "text": "  ", "timestamp": 1790739831063}
{"type": "text", "text": " （", "timestamp": 1790739831102}
{"type": "text", "text": "在", "timestamp": 1790739831102}
{"type": "text", "text": " /", "timestamp": 1790739831150}
{"type": "text", "text": "Users", "timestamp": 1790739831194}
{"type": "text", "text": "/", "timestamp": 1790739831194}
{"type": "text", "text": "ma", "timestamp": 1790739831194}
{"type": "text", "text": "oking", "timestamp": 1790739831195}
{"type": "text", "text": "/Library", "timestamp": 1790739831195}
{"type": "text", "text": "/Application", "timestamp": 1790739831195}
{"type": "text", "text": " Support", "timestamp": 1790739831243}
{"type": "text", "text": "/", "timestamp": 1790739831244}
{"type": "text", "text": "ma", "timestamp": 1790739831248}
{"type": "text", "text": "os", "timestamp": 1790739831248}
{"type": "text", "text": "cripts", "timestamp": 1790739831248}
{"type": "text", "text": "/f", "timestamp": 1790739831249}
{"type": "text", "text": "athom", "timestamp": 1790739831294}
{"type": "text", "text": " 目录", "timestamp": 1790739831296}
{"type": "text", "text": "下", "timestamp": 1790739831296}
{"type": "text", "text": "执行", "timestamp": 1790739831296}
{"type": "text", "text": "）\n\n", "timestamp": 1790739831296}
{"type": "text", "text": "2", "timestamp": 1790739831296}
{"type": "text", "text": ".", "timestamp": 1790739831338}
{"type": "text", "text": " 或者", "timestamp": 1790739831339}
{"type": "text", "text": "给", "timestamp": 1790739831399}
{"type": "text", "text": "这个", "timestamp": 1790739831447}
{"type": "text", "text": "会", "timestamp": 1790739831505}
{"type": "text", "text": "话", "timestamp": 1790739831505}
{"type": "text", "text": "启用", "timestamp": 1790739831505}
{"type": "text", "text": "终端", "timestamp": 1790739831505}
{"type": "text", "text": "/", "timestamp": 1790739831505}
{"type": "text", "text": "文件", "timestamp": 1790739831505}
{"type": "text", "text": "工具", "timestamp": 1790739831551}
{"type": "text", "text": "（", "timestamp": 1790739831552}
{"type": "text", "text": "如", "timestamp": 1790739831590}
{"type": "text", "text": " terminal", "timestamp": 1790739831638}
{"type": "text", "text": "、", "timestamp": 1790739831638}
{"type": "text", "text": "read", "timestamp": 1790739831690}
{"type": "text", "text": "_file", "timestamp": 1790739831690}
{"type": "text", "text": "、", "timestamp": 1790739831690}
{"type": "text", "text": "write", "timestamp": 1790739831690}
{"type": "text", "text": "_file", "timestamp": 1790739831690}
{"type": "text", "text": "），", "timestamp": 1790739831691}
{"type": "text", "text": "我", "timestamp": 1790739831732}
{"type": "text", "text": "就可以", "timestamp": 1790739831733}
{"type": "text", "text": "代", "timestamp": 1790739831733}
{"type": "text", "text": "你", "timestamp": 1790739831779}
{"type": "text", "text": "执行", "timestamp": 1790739831779}
{"type": "text", "text": "并", "timestamp": 1790739831779}
{"type": "text", "text": "验证", "timestamp": 1790739831845}
{"type": "text", "text": "结果", "timestamp": 1790739831881}
{"type": "text", "text": "。", "timestamp": 1790739831959}
{"type": "result", "session_id": "20260930_114338_02e9b2", "exit_code": 0, "text": "我无法完成这个任务——当前会话里没有可用的终端或文件系统工具（我只有图像分析、网页提取和网页搜索三个工具），所以既无法列出当前目录的内容，也无法创建 h1b-m2x9.txt 文件。\n\n我不会编造目录内容来充当结果。两个建议：\n\n1. 你可以直接在终端运行一条命令完成这件事：\n   ls > \"h1b-m2x9.txt\"\n   （在 /Users/maoking/Library/Application Support/maoscripts/fathom 目录下执行）\n\n2. 或者给这个会话启用终端/文件工具（如 terminal、read_file、write_file），我就可以代你执行并验证结果。", "tokens": {"input": 61, "output": 463, "total": 4172, "cache_read": 3648, "cache_write": 0}, "duration_ms": 12899, "timestamp": 1790739831985}
