{"type": "system", "subtype": "init", "model": "", "session_id": "20260930_114437_37b56f", "timestamp": 1790739878338}
{"type": "text", "text": "创建", "timestamp": 1790739895092}
{"type": "text", "text": "失败", "timestamp": 1790739895189}
{"type": "text", "text": "——", "timestamp": 1790739895195}
{"type": "text", "text": "我", "timestamp": 1790739895241}
{"type": "text", "text": "无法", "timestamp": 1790739895282}
{"type": "text", "text": "完成", "timestamp": 1790739895289}
{"type": "text", "text": "这个", "timestamp": 1790739895325}
{"type": "text", "text": "操作", "timestamp": 1790739895331}
{"type": "text", "text": "。\n\n", "timestamp": 1790739895375}
{"type": "text", "text": "原因", "timestamp": 1790739895377}
{"type": "text", "text": "：", "timestamp": 1790739895377}
{"type": "text", "text": "当前", "timestamp": 1790739895385}
{"type": "text", "text": "会", "timestamp": 1790739895414}
{"type": "text", "text": "话", "timestamp": 1790739895419}
{"type": "text", "text": "中", "timestamp": 1790739895420}
{"type": "text", "text": "我可", "timestamp": 1790739895423}
{"type": "text", "text": "用的", "timestamp": 1790739895461}
{"type": "text", "text": "工具", "timestamp": 1790739895461}
{"type": "text", "text": "只有", "timestamp": 1790739895462}
{"type": "text", "text": "视觉", "timestamp": 1790739895470}
{"type": "text", "text": "分析", "timestamp": 1790739895507}
{"type": "text", "text": "、", "timestamp": 1790739895514}
{"type": "text", "text": "网页", "timestamp": 1790739895522}
{"type": "text", "text": "提取", "timestamp": 1790739895528}
{"type": "text", "text": "和", "timestamp": 1790739895539}
{"type": "text", "text": "网页", "timestamp": 1790739895543}
{"type": "text", "text": "搜索", "timestamp": 1790739895561}
{"type": "text", "text": "三个", "timestamp": 1790739895566}
{"type": "text", "text": "，", "timestamp": 1790739895602}
{"type": "text", "text": "没有任何", "timestamp": 1790739895602}
{"type": "text", "text": "可以", "timestamp": 1790739895657}
{"type": "text", "text": "执行", "timestamp": 1790739895709}
{"type": "text", "text": "终端", "timestamp": 1790739895709}
{"type": "text", "text": "命令", "timestamp": 1790739895740}
{"type": "text", "text": "或", "timestamp": 1790739895741}
{"type": "text", "text": "写入", "timestamp": 1790739895741}
{"type": "text", "text": "本地", "timestamp": 1790739895741}
{"type": "text", "text": "文件", "timestamp": 1790739895742}
{"type": "text", "text": "的工具", "timestamp": 1790739895742}
{"type": "text", "text": "，", "timestamp": 1790739895793}
{"type": "text", "text": "因此", "timestamp": 1790739895839}
{"type": "text", "text": "无法", "timestamp": 1790739895840}
{"type": "text", "text": "在", "timestamp": 1790739895840}
{"type": "text", "text": "磁盘", "timestamp": 1790739895882}
{"type": "text", "text": "上", "timestamp": 1790739895936}
{"type": "text", "text": "创建", "timestamp": 1790739895936}
{"type": "text", "text": " h", "timestamp": 1790739895937}
{"type": "text", "text": "1", "timestamp": 1790739895937}
{"type": "text", "text": "a", "timestamp": 1790739895937}
{"type": "text", "text": "-", "timestamp": 1790739895937}
{"type": "text", "text": "7", "timestamp": 1790739895974}
{"type": "text", "text": "f", "timestamp": 1790739895974}
{"type": "text", "text": "3", "timestamp": 1790739895974}
{"type": "text", "text": "k", "timestamp": 1790739895974}
{"type": "text", "text": ".txt", "timestamp": 1790739895974}
{"type": "text", "text": "。", "timestamp": 1790739895975}
{"type": "text", "text": "我不会", "timestamp": 1790739896016}
{"type": "text", "text": "假装", "timestamp": 1790739896016}
{"type": "text", "text": "文件", "timestamp": 1790739896060}
{"type": "text", "text": "已", "timestamp": 1790739896108}
{"type": "text", "text": "创建", "timestamp": 1790739896108}
{"type": "text", "text": "。\n\n", "timestamp": 1790739896108}
{"type": "text", "text": "如", "timestamp": 1790739896108}
{"type": "text", "text": "需", "timestamp": 1790739896160}
{"type": "text", "text": "自行", "timestamp": 1790739896161}
{"type": "text", "text": "创建", "timestamp": 1790739896161}
{"type": "text", "text": "，", "timestamp": 1790739896201}
{"type": "text", "text": "可在", "timestamp": 1790739896209}
{"type": "text", "text": "当前", "timestamp": 1790739896244}
{"type": "text", "text": "目录", "timestamp": 1790739896245}
{"type": "text", "text": "（", "timestamp": 1790739896245}
{"type": "text", "text": "/", "timestamp": 1790739896287}
{"type": "text", "text": "private", "timestamp": 1790739896288}
{"type": "text", "text": "/tmp", "timestamp": 1790739896289}
{"type": "text", "text": "/f", "timestamp": 1790739896289}
{"type": "text", "text": "athom", "timestamp": 1790739896289}
{"type": "text", "text": "-", "timestamp": 1790739896290}
{"type": "text", "text": "her", "timestamp": 1790739896339}
{"type": "text", "text": "mes", "timestamp": 1790739896342}
{"type": "text", "text": "-", "timestamp": 1790739896342}
{"type": "text", "text": "iss", "timestamp": 1790739896342}
{"type": "text", "text": "126", "timestamp": 1790739896343}
{"type": "text", "text": "-", "timestamp": 1790739896343}
{"type": "text", "text": "22", "timestamp": 1790739896388}
{"type": "text", "text": "-h", "timestamp": 1790739896388}
{"type": "text", "text": "1", "timestamp": 1790739896389}
{"type": "text", "text": "a", "timestamp": 1790739896389}
{"type": "text", "text": "-r", "timestamp": 1790739896389}
{"type": "text", "text": "2", "timestamp": 1790739896389}
{"type": "text", "text": "-write", "timestamp": 1790739896431}
{"type": "text", "text": "-direct", "timestamp": 1790739896432}
{"type": "text", "text": ".G", "timestamp": 1790739896432}
{"type": "text", "text": "ZY", "timestamp": 1790739896432}
{"type": "text", "text": "d", "timestamp": 1790739896432}
{"type": "text", "text": "Mg", "timestamp": 1790739896432}
{"type": "text", "text": "）", "timestamp": 1790739896504}
{"type": "text", "text": "执行", "timestamp": 1790739896505}
{"type": "text", "text": "：\n\n", "timestamp": 1790739896505}
{"type": "text", "text": "printf", "timestamp": 1790739896545}
{"type": "text", "text": " '", "timestamp": 1790739896546}
{"type": "text", "text": "F", "timestamp": 1790739896546}
{"type": "text", "text": "ATH", "timestamp": 1790739896546}
{"type": "text", "text": "OM", "timestamp": 1790739896546}
{"type": "text", "text": "-H", "timestamp": 1790739896546}
{"type": "text", "text": "1", "timestamp": 1790739896590}
{"type": "text", "text": "A", "timestamp": 1790739896590}
{"type": "text", "text": "-", "timestamp": 1790739896590}
{"type": "text", "text": "7", "timestamp": 1790739896591}
{"type": "text", "text": "f", "timestamp": 1790739896591}
{"type": "text", "text": "3", "timestamp": 1790739896591}
{"type": "text", "text": "k", "timestamp": 1790739896637}
{"type": "text", "text": "\\n", "timestamp": 1790739896637}
{"type": "text", "text": "'", "timestamp": 1790739896638}
{"type": "text", "text": " >", "timestamp": 1790739896639}
{"type": "text", "text": " h", "timestamp": 1790739896639}
{"type": "text", "text": "1", "timestamp": 1790739896639}
{"type": "text", "text": "a", "timestamp": 1790739896706}
{"type": "text", "text": "-", "timestamp": 1790739896706}
{"type": "text", "text": "7", "timestamp": 1790739896706}
{"type": "text", "text": "f", "timestamp": 1790739896707}
{"type": "text", "text": "3", "timestamp": 1790739896707}
{"type": "text", "text": "k", "timestamp": 1790739896707}
{"type": "text", "text": ".txt", "timestamp": 1790739896757}
{"type": "result", "session_id": "20260930_114437_37b56f", "exit_code": 0, "text": "创建失败——我无法完成这个操作。\n\n原因：当前会话中我可用的工具只有视觉分析、网页提取和网页搜索三个，没有任何可以执行终端命令或写入本地文件的工具，因此无法在磁盘上创建 h1a-7f3k.txt。我不会假装文件已创建。\n\n如需自行创建，可在当前目录（/private/tmp/fathom-hermes-iss126-22-h1a-r2-write-direct.GZYdMg）执行：\n\nprintf 'FATHOM-H1A-7f3k\\n' > h1a-7f3k.txt", "tokens": {"input": 464, "output": 484, "total": 3380, "cache_read": 2432, "cache_write": 0}, "duration_ms": 18436, "timestamp": 1790739896774}
