{"type": "system", "subtype": "init", "model": "", "session_id": "20260930_114543_564db9", "timestamp": 1790739943510}
{"type": "text", "text": "无法", "timestamp": 1790739955645}
{"type": "text", "text": "完成", "timestamp": 1790739955652}
{"type": "text", "text": "——", "timestamp": 1790739955698}
{"type": "text", "text": "我", "timestamp": 1790739955750}
{"type": "text", "text": "必须", "timestamp": 1790739955750}
{"type": "text", "text": "如实", "timestamp": 1790739955790}
{"type": "text", "text": "报告", "timestamp": 1790739955791}
{"type": "text", "text": "：", "timestamp": 1790739955791}
{"type": "text", "text": "当前", "timestamp": 1790739955791}
{"type": "text", "text": "会", "timestamp": 1790739955791}
{"type": "text", "text": "话", "timestamp": 1790739955791}
{"type": "text", "text": "中", "timestamp": 1790739955835}
{"type": "text", "text": "我没有", "timestamp": 1790739955835}
{"type": "text", "text": "可", "timestamp": 1790739955835}
{"type": "text", "text": "用的", "timestamp": 1790739955836}
{"type": "text", "text": "代码", "timestamp": 1790739955836}
{"type": "text", "text": "执行", "timestamp": 1790739955886}
{"type": "text", "text": "或", "timestamp": 1790739955886}
{"type": "text", "text": "终端", "timestamp": 1790739955886}
{"type": "text", "text": "工具", "timestamp": 1790739955886}
{"type": "text", "text": "（", "timestamp": 1790739955886}
{"type": "text", "text": "本", "timestamp": 1790739955927}
{"type": "text", "text": "会", "timestamp": 1790739955974}
{"type": "text", "text": "话", "timestamp": 1790739955974}
{"type": "text", "text": "只", "timestamp": 1790739955974}
{"type": "text", "text": "配备了", "timestamp": 1790739956058}
{"type": "text", "text": " vision", "timestamp": 1790739956117}
{"type": "text", "text": "_an", "timestamp": 1790739956117}
{"type": "text", "text": "alyze", "timestamp": 1790739956117}
{"type": "text", "text": "、", "timestamp": 1790739956117}
{"type": "text", "text": "web", "timestamp": 1790739956117}
{"type": "text", "text": "_extract", "timestamp": 1790739956117}
{"type": "text", "text": "、", "timestamp": 1790739956163}
{"type": "text", "text": "web", "timestamp": 1790739956164}
{"type": "text", "text": "_search", "timestamp": 1790739956164}
{"type": "text", "text": " ", "timestamp": 1790739956165}
{"type": "text", "text": "三个", "timestamp": 1790739956209}
{"type": "text", "text": "工具", "timestamp": 1790739956209}
{"type": "text", "text": "），", "timestamp": 1790739956251}
{"type": "text", "text": "因此", "timestamp": 1790739956298}
{"type": "text", "text": "无法", "timestamp": 1790739956298}
{"type": "text", "text": "执行", "timestamp": 1790739956309}
{"type": "text", "text": "这段", "timestamp": 1790739956309}
{"type": "text", "text": " Python", "timestamp": 1790739956345}
{"type": "text", "text": " ", "timestamp": 1790739956345}
{"type": "text", "text": "脚", "timestamp": 1790739956390}
{"type": "text", "text": "本", "timestamp": 1790739956390}
{"type": "text", "text": "，", "timestamp": 1790739956390}
{"type": "text", "text": "也无法", "timestamp": 1790739956391}
{"type": "text", "text": "在", "timestamp": 1790739956391}
{"type": "text", "text": "当前", "timestamp": 1790739956435}
{"type": "text", "text": "目录", "timestamp": 1790739956435}
{"type": "text", "text": "写入", "timestamp": 1790739956437}
{"type": "text", "text": " diag", "timestamp": 1790739956498}
{"type": "text", "text": "-", "timestamp": 1790739956499}
{"type": "text", "text": "4", "timestamp": 1790739956500}
{"type": "text", "text": "q", "timestamp": 1790739956500}
{"type": "text", "text": "8", "timestamp": 1790739956501}
{"type": "text", "text": "s", "timestamp": 1790739956501}
{"type": "text", "text": ".txt", "timestamp": 1790739956541}
{"type": "text", "text": "。\n\n", "timestamp": 1790739956541}
{"type": "text", "text": "我不会", "timestamp": 1790739956541}
{"type": "text", "text": "伪造", "timestamp": 1790739956624}
{"type": "text", "text": "\"", "timestamp": 1790739956624}
{"type": "text", "text": "写入", "timestamp": 1790739956671}
{"type": "text", "text": "成功", "timestamp": 1790739956716}
{"type": "text", "text": "\"", "timestamp": 1790739956719}
{"type": "text", "text": "的结果", "timestamp": 1790739956719}
{"type": "text", "text": "。", "timestamp": 1790739956769}
{"type": "text", "text": "文件", "timestamp": 1790739956769}
{"type": "text", "text": " diag", "timestamp": 1790739956820}
{"type": "text", "text": "-", "timestamp": 1790739956854}
{"type": "text", "text": "4", "timestamp": 1790739956854}
{"type": "text", "text": "q", "timestamp": 1790739956854}
{"type": "text", "text": "8", "timestamp": 1790739956854}
{"type": "text", "text": "s", "timestamp": 1790739956854}
{"type": "text", "text": ".txt", "timestamp": 1790739956855}
{"type": "text", "text": " 目前", "timestamp": 1790739956900}
{"type": "text", "text": "并未", "timestamp": 1790739956901}
{"type": "text", "text": "被", "timestamp": 1790739956901}
{"type": "text", "text": "创建", "timestamp": 1790739956944}
{"type": "text", "text": "。\n\n", "timestamp": 1790739956944}
{"type": "text", "text": "如", "timestamp": 1790739956944}
{"type": "text", "text": "需", "timestamp": 1790739956945}
{"type": "text", "text": "完成", "timestamp": 1790739956945}
{"type": "text", "text": "此", "timestamp": 1790739956993}
{"type": "text", "text": "自", "timestamp": 1790739957042}
{"type": "text", "text": "检", "timestamp": 1790739957043}
{"type": "text", "text": "，", "timestamp": 1790739957043}
{"type": "text", "text": "你可以", "timestamp": 1790739957043}
{"type": "text", "text": "：\n", "timestamp": 1790739957101}
{"type": "text", "text": "1", "timestamp": 1790739957101}
{"type": "text", "text": ".", "timestamp": 1790739957102}
{"type": "text", "text": " 在", "timestamp": 1790739957102}
{"type": "text", "text": "本", "timestamp": 1790739957102}
{"type": "text", "text": "机", "timestamp": 1790739957102}
{"type": "text", "text": "终端", "timestamp": 1790739957163}
{"type": "text", "text": "直接", "timestamp": 1790739957165}
{"type": "text", "text": "运行", "timestamp": 1790739957165}
{"type": "text", "text": "：", "timestamp": 1790739957165}
{"type": "text", "text": "python", "timestamp": 1790739957200}
{"type": "text", "text": "3", "timestamp": 1790739957200}
{"type": "text", "text": " -", "timestamp": 1790739957200}
{"type": "text", "text": "c", "timestamp": 1790739957201}
{"type": "text", "text": " '", "timestamp": 1790739957201}
{"type": "text", "text": "import", "timestamp": 1790739957260}
{"type": "text", "text": " os", "timestamp": 1790739957261}
{"type": "text", "text": "\n", "timestamp": 1790739957261}
{"type": "text", "text": "f", "timestamp": 1790739957307}
{"type": "text", "text": "=open", "timestamp": 1790739957307}
{"type": "text", "text": "(\"", "timestamp": 1790739957358}
{"type": "text", "text": "diag", "timestamp": 1790739957358}
{"type": "text", "text": "-", "timestamp": 1790739957358}
{"type": "text", "text": "4", "timestamp": 1790739957359}
{"type": "text", "text": "q", "timestamp": 1790739957359}
{"type": "text", "text": "8", "timestamp": 1790739957359}
{"type": "text", "text": "s", "timestamp": 1790739957403}
{"type": "text", "text": ".txt", "timestamp": 1790739957404}
{"type": "text", "text": "\",\"", "timestamp": 1790739957404}
{"type": "text", "text": "w", "timestamp": 1790739957404}
{"type": "text", "text": "\")\n", "timestamp": 1790739957404}
{"type": "text", "text": "f", "timestamp": 1790739957450}
{"type": "text", "text": ".write", "timestamp": 1790739957451}
{"type": "text", "text": "(\"", "timestamp": 1790739957451}
{"type": "text", "text": "F", "timestamp": 1790739957451}
{"type": "text", "text": "ATH", "timestamp": 1790739957451}
{"type": "text", "text": "OM", "timestamp": 1790739957451}
{"type": "text", "text": "-H", "timestamp": 1790739957491}
{"type": "text", "text": "1", "timestamp": 1790739957491}
{"type": "text", "text": "D", "timestamp": 1790739957492}
{"type": "text", "text": "-", "timestamp": 1790739957492}
{"type": "text", "text": "4", "timestamp": 1790739957492}
{"type": "text", "text": "q", "timestamp": 1790739957492}
{"type": "text", "text": "8", "timestamp": 1790739957553}
{"type": "text", "text": "s", "timestamp": 1790739957557}
{"type": "text", "text": "\\n", "timestamp": 1790739957558}
{"type": "text", "text": "\")\n", "timestamp": 1790739957558}
{"type": "text", "text": "f", "timestamp": 1790739957558}
{"type": "text", "text": ".close", "timestamp": 1790739957585}
{"type": "text", "text": "()\n", "timestamp": 1790739957586}
{"type": "text", "text": "print", "timestamp": 1790739957586}
{"type": "text", "text": "(\"", "timestamp": 1790739957586}
{"type": "text", "text": "diag", "timestamp": 1790739957586}
{"type": "text", "text": " ok", "timestamp": 1790739957586}
{"type": "text", "text": "\")", "timestamp": 1790739957630}
{"type": "text", "text": "'\n", "timestamp": 1790739957631}
{"type": "text", "text": "2", "timestamp": 1790739957631}
{"type": "text", "text": ".", "timestamp": 1790739957631}
{"type": "text", "text": " 或", "timestamp": 1790739957632}
{"type": "text", "text": "者为", "timestamp": 1790739957632}
{"type": "text", "text": " Hermes", "timestamp": 1790739957671}
{"type": "text", "text": " 会", "timestamp": 1790739957672}
{"type": "text", "text": "话", "timestamp": 1790739957719}
{"type": "text", "text": "启用", "timestamp": 1790739957719}
{"type": "text", "text": " terminal", "timestamp": 1790739957719}
{"type": "text", "text": " /", "timestamp": 1790739957763}
{"type": "text", "text": " execute", "timestamp": 1790739957811}
{"type": "text", "text": "_code", "timestamp": 1790739957811}
{"type": "text", "text": " ", "timestamp": 1790739957811}
{"type": "text", "text": "工", "timestamp": 1790739957811}
{"type": "text", "text": "具", "timestamp": 1790739957812}
{"type": "text", "text": "后再", "timestamp": 1790739957812}
{"type": "text", "text": "让我执行。", "timestamp": 1790739957851}
{"type": "result", "session_id": "20260930_114543_564db9", "exit_code": 0, "text": "无法完成——我必须如实报告：当前会话中我没有可用的代码执行或终端工具（本会话只配备了 vision_analyze、web_extract、web_search 三个工具），因此无法执行这段 Python 脚本，也无法在当前目录写入 diag-4q8s.txt。\n\n我不会伪造\"写入成功\"的结果。文件 diag-4q8s.txt 目前并未被创建。\n\n如需完成此自检，你可以：\n1. 在本机终端直接运行：python3 -c 'import os\nf=open(\"diag-4q8s.txt\",\"w\")\nf.write(\"FATHOM-H1D-4q8s\\n\")\nf.close()\nprint(\"diag ok\")'\n2. 或者为 Hermes 会话启用 terminal / execute_code 工具后再让我执行。", "tokens": {"input": 190, "output": 620, "total": 3562, "cache_read": 2752, "cache_write": 0}, "duration_ms": 14362, "timestamp": 1790739957873}
