{"type": "system", "subtype": "init", "model": "", "session_id": "20260930_114805_531782", "timestamp": 1790740085205}
{"type": "text", "text": "文件", "timestamp": 1790740122588}
{"type": "text", "text": "未能", "timestamp": 1790740122589}
{"type": "text", "text": "创建", "timestamp": 1790740122656}
{"type": "text", "text": "。", "timestamp": 1790740122657}
{"type": "text", "text": "需要", "timestamp": 1790740122696}
{"type": "text", "text": "如实", "timestamp": 1790740122740}
{"type": "text", "text": "说明", "timestamp": 1790740122785}
{"type": "text", "text": "：", "timestamp": 1790740122785}
{"type": "text", "text": "当前", "timestamp": 1790740122786}
{"type": "text", "text": "会", "timestamp": 1790740122831}
{"type": "text", "text": "话", "timestamp": 1790740122832}
{"type": "text", "text": "中", "timestamp": 1790740122833}
{"type": "text", "text": "我", "timestamp": 1790740122834}
{"type": "text", "text": "唯一", "timestamp": 1790740122895}
{"type": "text", "text": "可", "timestamp": 1790740122896}
{"type": "text", "text": "用的", "timestamp": 1790740122896}
{"type": "text", "text": "工具", "timestamp": 1790740122909}
{"type": "text", "text": "是", "timestamp": 1790740122909}
{"type": "text", "text": "图像", "timestamp": 1790740122910}
{"type": "text", "text": "分析", "timestamp": 1790740122943}
{"type": "text", "text": "（", "timestamp": 1790740122943}
{"type": "text", "text": "vision", "timestamp": 1790740122991}
{"type": "text", "text": "_an", "timestamp": 1790740122992}
{"type": "text", "text": "alyze", "timestamp": 1790740122992}
{"type": "text", "text": "），", "timestamp": 1790740122992}
{"type": "text", "text": "没有", "timestamp": 1790740122992}
{"type": "text", "text": "可", "timestamp": 1790740123034}
{"type": "text", "text": "执行", "timestamp": 1790740123082}
{"type": "text", "text": "命令", "timestamp": 1790740123089}
{"type": "text", "text": "或", "timestamp": 1790740123142}
{"type": "text", "text": "写入", "timestamp": 1790740123154}
{"type": "text", "text": "文件", "timestamp": 1790740123204}
{"type": "text", "text": "的工具", "timestamp": 1790740123208}
{"type": "text", "text": "，", "timestamp": 1790740123214}
{"type": "text", "text": "因此", "timestamp": 1790740123215}
{"type": "text", "text": "我", "timestamp": 1790740123232}
{"type": "text", "text": "无法", "timestamp": 1790740123233}
{"type": "text", "text": "实际", "timestamp": 1790740123233}
{"type": "text", "text": "创建", "timestamp": 1790740123287}
{"type": "text", "text": " h", "timestamp": 1790740123289}
{"type": "text", "text": "1", "timestamp": 1790740123294}
{"type": "text", "text": "a", "timestamp": 1790740123300}
{"type": "text", "text": "-", "timestamp": 1790740123305}
{"type": "text", "text": "7", "timestamp": 1790740123311}
{"type": "text", "text": "f", "timestamp": 1790740123405}
{"type": "text", "text": "3", "timestamp": 1790740123405}
{"type": "text", "text": "k", "timestamp": 1790740123409}
{"type": "text", "text": ".txt", "timestamp": 1790740123414}
{"type": "text", "text": "，", "timestamp": 1790740123414}
{"type": "text", "text": "也不会", "timestamp": 1790740123505}
{"type": "text", "text": "谎", "timestamp": 1790740123506}
{"type": "text", "text": "报", "timestamp": 1790740123538}
{"type": "text", "text": "成功", "timestamp": 1790740123540}
{"type": "text", "text": "。\n\n", "timestamp": 1790740123540}
{"type": "text", "text": "你", "timestamp": 1790740123542}
{"type": "text", "text": "可以在", "timestamp": 1790740123542}
{"type": "text", "text": "终端", "timestamp": 1790740123543}
{"type": "text", "text": "里", "timestamp": 1790740123543}
{"type": "text", "text": "自己", "timestamp": 1790740123544}
{"type": "text", "text": "运行", "timestamp": 1790740123544}
{"type": "text", "text": "这一", "timestamp": 1790740123559}
{"type": "text", "text": "条", "timestamp": 1790740123597}
{"type": "text", "text": "命令", "timestamp": 1790740123598}
{"type": "text", "text": "完成", "timestamp": 1790740123599}
{"type": "text", "text": "：\n\n", "timestamp": 1790740123604}
{"type": "text", "text": "printf", "timestamp": 1790740123606}
{"type": "text", "text": " '", "timestamp": 1790740123645}
{"type": "text", "text": "F", "timestamp": 1790740123646}
{"type": "text", "text": "ATH", "timestamp": 1790740123647}
{"type": "text", "text": "OM", "timestamp": 1790740123647}
{"type": "text", "text": "-H", "timestamp": 1790740123647}
{"type": "text", "text": "1", "timestamp": 1790740123648}
{"type": "text", "text": "A", "timestamp": 1790740123704}
{"type": "text", "text": "-", "timestamp": 1790740123705}
{"type": "text", "text": "7", "timestamp": 1790740123705}
{"type": "text", "text": "f", "timestamp": 1790740123706}
{"type": "text", "text": "3", "timestamp": 1790740123706}
{"type": "text", "text": "k", "timestamp": 1790740123707}
{"type": "text", "text": "\\n", "timestamp": 1790740123732}
{"type": "text", "text": "'", "timestamp": 1790740123732}
{"type": "text", "text": " >", "timestamp": 1790740123733}
{"type": "text", "text": " h", "timestamp": 1790740123734}
{"type": "text", "text": "1", "timestamp": 1790740123776}
{"type": "text", "text": "a", "timestamp": 1790740123777}
{"type": "text", "text": "-", "timestamp": 1790740123777}
{"type": "text", "text": "7", "timestamp": 1790740123777}
{"type": "text", "text": "f", "timestamp": 1790740123777}
{"type": "text", "text": "3", "timestamp": 1790740123778}
{"type": "text", "text": "k", "timestamp": 1790740123825}
{"type": "text", "text": ".txt", "timestamp": 1790740123828}
{"type": "text", "text": "\n\n", "timestamp": 1790740123831}
{"type": "text", "text": "结论", "timestamp": 1790740123834}
{"type": "text", "text": "：", "timestamp": 1790740123869}
{"type": "text", "text": "文件", "timestamp": 1790740123871}
{"type": "text", "text": "创建", "timestamp": 1790740123872}
{"type": "text", "text": "失败", "timestamp": 1790740123911}
{"type": "text", "text": "（", "timestamp": 1790740123956}
{"type": "text", "text": "缺少", "timestamp": 1790740123957}
{"type": "text", "text": "文件", "timestamp": 1790740123998}
{"type": "text", "text": "写入", "timestamp": 1790740124058}
{"type": "text", "text": "工具", "timestamp": 1790740124059}
{"type": "text", "text": "）。", "timestamp": 1790740124152}
{"type": "result", "session_id": "20260930_114805_531782", "exit_code": 0, "text": "文件未能创建。需要如实说明：当前会话中我唯一可用的工具是图像分析（vision_analyze），没有可执行命令或写入文件的工具，因此我无法实际创建 h1a-7f3k.txt，也不会谎报成功。\n\n你可以在终端里自己运行这一条命令完成：\n\nprintf 'FATHOM-H1A-7f3k\\n' > h1a-7f3k.txt\n\n结论：文件创建失败（缺少文件写入工具）。", "tokens": {"input": 2254, "output": 1279, "total": 3725, "cache_read": 192, "cache_write": 0}, "duration_ms": 38968, "timestamp": 1790740124174}
